STM32F103C6_USART_DRIVER.c:27:6:MCAL_USART_init	40	static
STM32F103C6_USART_DRIVER.c:100:6:MCAL_USART_deinit	16	static
STM32F103C6_USART_DRIVER.c:135:6:MCAL_USART_SendData	24	static
STM32F103C6_USART_DRIVER.c:192:6:MCAL_USART_Wait_TC	16	static
STM32F103C6_USART_DRIVER.c:208:6:MCAL_USART_ReceiveData	24	static
STM32F103C6_USART_DRIVER.c:264:6:MCAL_GPIO_USART_SetPins	24	static
STM32F103C6_USART_DRIVER.c:389:6:USART1_IRQHandler	8	static
STM32F103C6_USART_DRIVER.c:393:6:USART2_IRQHandler	8	static
STM32F103C6_USART_DRIVER.c:397:6:USART3_IRQHandler	8	static
