
Allocating common symbols
Common symbol       size              file

i                   0x4               startup.o

Memory Configuration

Name             Origin             Length             Attributes
Flash            0x08000000         0x00020000         xr
SRAM             0x20000000         0x00005000         xrw
*default*        0x00000000         0xffffffff

Linker script and memory map


.text           0x08000000      0x13c
 *(.vectors*)
 .vectors       0x08000000       0x1c startup.o
                0x08000000                vector
 *(.text*)
 .text          0x0800001c       0x7c main.o
                0x0800001c                main
 .text          0x08000098       0xa4 startup.o
                0x08000098                HardFault_handler
                0x08000098                Default_handler
                0x08000098                UsageFault_handler
                0x08000098                MMFault_handler
                0x08000098                BusFault_handler
                0x08000098                NMI_handler
                0x080000a4                Reset_handler
 *(.rodata*)
                0x0800013c                _E_text = .

.glue_7         0x0800013c        0x0
 .glue_7        0x0800013c        0x0 linker stubs

.glue_7t        0x0800013c        0x0
 .glue_7t       0x0800013c        0x0 linker stubs

.vfp11_veneer   0x0800013c        0x0
 .vfp11_veneer  0x0800013c        0x0 linker stubs

.v4_bx          0x0800013c        0x0
 .v4_bx         0x0800013c        0x0 linker stubs

.iplt           0x0800013c        0x0
 .iplt          0x0800013c        0x0 main.o

.rel.dyn        0x0800013c        0x0
 .rel.iplt      0x0800013c        0x0 main.o

.data           0x20000000        0x4 load address 0x0800013c
                0x20000000                _S_data = .
 *(.data*)
 .data          0x20000000        0x4 main.o
                0x20000000                R_ODR
 .data          0x20000004        0x0 startup.o
                0x20000004                _E_data = .

.igot.plt       0x20000004        0x0 load address 0x08000140
 .igot.plt      0x20000004        0x0 main.o

.bss            0x20000004      0x3ec load address 0x08000140
                0x20000004                _S_bss = .
 *(.bss*)
 .bss           0x20000004        0x0 main.o
 .bss           0x20000004        0x0 startup.o
                0x20000004                _E_bss = .
                0x20000004                . = ALIGN (0x4)
                0x200003ec                . = (. + 0x3e8)
 *fill*         0x20000004      0x3e8 
                0x200003ec                STACK_TOP = .
 COMMON         0x200003ec        0x4 startup.o
                0x200003ec                i
LOAD main.o
LOAD startup.o
OUTPUT(toggle_led.elf elf32-littlearm)

.debug_info     0x00000000      0x2a6
 .debug_info    0x00000000      0x120 main.o
 .debug_info    0x00000120      0x186 startup.o

.debug_abbrev   0x00000000      0x181
 .debug_abbrev  0x00000000       0xbd main.o
 .debug_abbrev  0x000000bd       0xc4 startup.o

.debug_loc      0x00000000       0xb4
 .debug_loc     0x00000000       0x38 main.o
 .debug_loc     0x00000038       0x7c startup.o

.debug_aranges  0x00000000       0x40
 .debug_aranges
                0x00000000       0x20 main.o
 .debug_aranges
                0x00000020       0x20 startup.o

.debug_line     0x00000000      0x267
 .debug_line    0x00000000      0x12b main.o
 .debug_line    0x0000012b      0x13c startup.o

.debug_str      0x00000000      0x1ce
 .debug_str     0x00000000      0x13f main.o
                                0x17c (size before relaxing)
 .debug_str     0x0000013f       0x8f startup.o
                                0x1dd (size before relaxing)

.comment        0x00000000       0x7e
 .comment       0x00000000       0x7e main.o
                                 0x7f (size before relaxing)
 .comment       0x0000007e       0x7f startup.o

.ARM.attributes
                0x00000000       0x33
 .ARM.attributes
                0x00000000       0x33 main.o
 .ARM.attributes
                0x00000033       0x33 startup.o

.debug_frame    0x00000000       0x7c
 .debug_frame   0x00000000       0x2c main.o
 .debug_frame   0x0000002c       0x50 startup.o
