STM32F103C6_USART_DRIVER.c:27:6:MCAL_USART_init	24	static
STM32F103C6_USART_DRIVER.c:95:6:MCAL_USART_deinit	16	static
STM32F103C6_USART_DRIVER.c:130:6:MCAL_USART_SendData	24	static
STM32F103C6_USART_DRIVER.c:187:6:MCAL_USART_Wait_TC	16	static
STM32F103C6_USART_DRIVER.c:203:6:MCAL_USART_ReceiveData	24	static
STM32F103C6_USART_DRIVER.c:259:6:MCAL_GPIO_USART_SetPins	24	static
STM32F103C6_USART_DRIVER.c:384:6:USART1_IRQHandler	8	static
STM32F103C6_USART_DRIVER.c:388:6:USART2_IRQHandler	8	static
STM32F103C6_USART_DRIVER.c:392:6:USART3_IRQHandler	8	static
