
Allocating common symbols
Common symbol       size              file

i                   0x4               startup.o

Memory Configuration

Name             Origin             Length             Attributes
Flash            0x00000000         0x20000000         xr
SRAM             0x20000000         0x20000000         xrw
*default*        0x00000000         0xffffffff

Linker script and memory map


.text           0x00000000      0x14c
 *(.vectors*)
 .vectors       0x00000000       0x1c startup.o
                0x00000000                vector
 *(.text*)
 .text          0x0000001c       0x8c main.o
                0x0000001c                main
 .text          0x000000a8       0xa4 startup.o
                0x000000a8                HardFault_handler
                0x000000a8                Default_handler
                0x000000a8                UsageFault_handler
                0x000000a8                MMFault_handler
                0x000000a8                BusFault_handler
                0x000000a8                NMI_handler
                0x000000b4                Reset_handler
 *(.rodata*)
                0x0000014c                _E_text = .

.glue_7         0x0000014c        0x0
 .glue_7        0x0000014c        0x0 linker stubs

.glue_7t        0x0000014c        0x0
 .glue_7t       0x0000014c        0x0 linker stubs

.vfp11_veneer   0x0000014c        0x0
 .vfp11_veneer  0x0000014c        0x0 linker stubs

.v4_bx          0x0000014c        0x0
 .v4_bx         0x0000014c        0x0 linker stubs

.iplt           0x0000014c        0x0
 .iplt          0x0000014c        0x0 main.o

.rel.dyn        0x0000014c        0x0
 .rel.iplt      0x0000014c        0x0 main.o

.data           0x20000000        0x0 load address 0x0000014c
                0x20000000                _S_data = .
 *(.data*)
 .data          0x20000000        0x0 main.o
 .data          0x20000000        0x0 startup.o
                0x20000000                _E_data = .

.igot.plt       0x20000000        0x0 load address 0x0000014c
 .igot.plt      0x20000000        0x0 main.o

.bss            0x20000000      0x404 load address 0x0000014c
                0x20000000                _S_bss = .
 *(.bss*)
 .bss           0x20000000        0x0 main.o
 .bss           0x20000000      0x400 startup.o
                0x20000400                _E_bss = .
 COMMON         0x20000400        0x4 startup.o
                0x20000400                i
LOAD main.o
LOAD startup.o
OUTPUT(unit3_lesson4_lab3.elf elf32-littlearm)

.debug_info     0x00000000      0xb76
 .debug_info    0x00000000      0x9c5 main.o
 .debug_info    0x000009c5      0x1b1 startup.o

.debug_abbrev   0x00000000      0x276
 .debug_abbrev  0x00000000      0x19f main.o
 .debug_abbrev  0x0000019f       0xd7 startup.o

.debug_loc      0x00000000       0xb4
 .debug_loc     0x00000000       0x38 main.o
 .debug_loc     0x00000038       0x7c startup.o

.debug_aranges  0x00000000       0x40
 .debug_aranges
                0x00000000       0x20 main.o
 .debug_aranges
                0x00000020       0x20 startup.o

.debug_line     0x00000000      0x363
 .debug_line    0x00000000      0x227 main.o
 .debug_line    0x00000227      0x13c startup.o

.debug_str      0x00000000      0x57a
 .debug_str     0x00000000      0x4eb main.o
                                0x558 (size before relaxing)
 .debug_str     0x000004eb       0x8f startup.o
                                0x1e0 (size before relaxing)

.comment        0x00000000       0x7e
 .comment       0x00000000       0x7e main.o
                                 0x7f (size before relaxing)
 .comment       0x0000007e       0x7f startup.o

.ARM.attributes
                0x00000000       0x33
 .ARM.attributes
                0x00000000       0x33 main.o
 .ARM.attributes
                0x00000033       0x33 startup.o

.debug_frame    0x00000000       0x7c
 .debug_frame   0x00000000       0x2c main.o
 .debug_frame   0x0000002c       0x50 startup.o
