Archive member included to satisfy reference by file (symbol)

c:/users/dell/stm32cubeide_1.4.0/stm32cubeide/plugins/com.st.stm32cube.ide.mcu.externaltools.gnu-tools-for-stm32.7-2018-q2-update.win32_1.4.0.202007081208/tools/bin/../lib/gcc/arm-none-eabi/7.3.1/../../../../arm-none-eabi/lib/thumb/v7-m\libc_nano.a(lib_a-errno.o)
                              Src/syscalls.o (__errno)
c:/users/dell/stm32cubeide_1.4.0/stm32cubeide/plugins/com.st.stm32cube.ide.mcu.externaltools.gnu-tools-for-stm32.7-2018-q2-update.win32_1.4.0.202007081208/tools/bin/../lib/gcc/arm-none-eabi/7.3.1/../../../../arm-none-eabi/lib/thumb/v7-m\libc_nano.a(lib_a-exit.o)
                              c:/users/dell/stm32cubeide_1.4.0/stm32cubeide/plugins/com.st.stm32cube.ide.mcu.externaltools.gnu-tools-for-stm32.7-2018-q2-update.win32_1.4.0.202007081208/tools/bin/../lib/gcc/arm-none-eabi/7.3.1/../../../../arm-none-eabi/lib/thumb/v7-m/crt0.o (exit)
c:/users/dell/stm32cubeide_1.4.0/stm32cubeide/plugins/com.st.stm32cube.ide.mcu.externaltools.gnu-tools-for-stm32.7-2018-q2-update.win32_1.4.0.202007081208/tools/bin/../lib/gcc/arm-none-eabi/7.3.1/../../../../arm-none-eabi/lib/thumb/v7-m\libc_nano.a(lib_a-impure.o)
                              c:/users/dell/stm32cubeide_1.4.0/stm32cubeide/plugins/com.st.stm32cube.ide.mcu.externaltools.gnu-tools-for-stm32.7-2018-q2-update.win32_1.4.0.202007081208/tools/bin/../lib/gcc/arm-none-eabi/7.3.1/../../../../arm-none-eabi/lib/thumb/v7-m\libc_nano.a(lib_a-exit.o) (_global_impure_ptr)
c:/users/dell/stm32cubeide_1.4.0/stm32cubeide/plugins/com.st.stm32cube.ide.mcu.externaltools.gnu-tools-for-stm32.7-2018-q2-update.win32_1.4.0.202007081208/tools/bin/../lib/gcc/arm-none-eabi/7.3.1/../../../../arm-none-eabi/lib/thumb/v7-m\libc_nano.a(lib_a-init.o)
                              c:/users/dell/stm32cubeide_1.4.0/stm32cubeide/plugins/com.st.stm32cube.ide.mcu.externaltools.gnu-tools-for-stm32.7-2018-q2-update.win32_1.4.0.202007081208/tools/bin/../lib/gcc/arm-none-eabi/7.3.1/../../../../arm-none-eabi/lib/thumb/v7-m/crt0.o (__libc_init_array)
c:/users/dell/stm32cubeide_1.4.0/stm32cubeide/plugins/com.st.stm32cube.ide.mcu.externaltools.gnu-tools-for-stm32.7-2018-q2-update.win32_1.4.0.202007081208/tools/bin/../lib/gcc/arm-none-eabi/7.3.1/../../../../arm-none-eabi/lib/thumb/v7-m\libc_nano.a(lib_a-memset.o)
                              c:/users/dell/stm32cubeide_1.4.0/stm32cubeide/plugins/com.st.stm32cube.ide.mcu.externaltools.gnu-tools-for-stm32.7-2018-q2-update.win32_1.4.0.202007081208/tools/bin/../lib/gcc/arm-none-eabi/7.3.1/../../../../arm-none-eabi/lib/thumb/v7-m/crt0.o (memset)

Allocating common symbols
Common symbol       size              file

data                0x2               Src/main.o

Discarded input sections

 .text          0x0000000000000000        0x0 c:/users/dell/stm32cubeide_1.4.0/stm32cubeide/plugins/com.st.stm32cube.ide.mcu.externaltools.gnu-tools-for-stm32.7-2018-q2-update.win32_1.4.0.202007081208/tools/bin/../lib/gcc/arm-none-eabi/7.3.1/thumb/v7-m/crti.o
 .data          0x0000000000000000        0x0 c:/users/dell/stm32cubeide_1.4.0/stm32cubeide/plugins/com.st.stm32cube.ide.mcu.externaltools.gnu-tools-for-stm32.7-2018-q2-update.win32_1.4.0.202007081208/tools/bin/../lib/gcc/arm-none-eabi/7.3.1/thumb/v7-m/crti.o
 .bss           0x0000000000000000        0x0 c:/users/dell/stm32cubeide_1.4.0/stm32cubeide/plugins/com.st.stm32cube.ide.mcu.externaltools.gnu-tools-for-stm32.7-2018-q2-update.win32_1.4.0.202007081208/tools/bin/../lib/gcc/arm-none-eabi/7.3.1/thumb/v7-m/crti.o
 .data          0x0000000000000000        0x4 c:/users/dell/stm32cubeide_1.4.0/stm32cubeide/plugins/com.st.stm32cube.ide.mcu.externaltools.gnu-tools-for-stm32.7-2018-q2-update.win32_1.4.0.202007081208/tools/bin/../lib/gcc/arm-none-eabi/7.3.1/thumb/v7-m/crtbegin.o
 .text          0x0000000000000000       0x74 c:/users/dell/stm32cubeide_1.4.0/stm32cubeide/plugins/com.st.stm32cube.ide.mcu.externaltools.gnu-tools-for-stm32.7-2018-q2-update.win32_1.4.0.202007081208/tools/bin/../lib/gcc/arm-none-eabi/7.3.1/../../../../arm-none-eabi/lib/thumb/v7-m/crt0.o
 .data          0x0000000000000000        0x0 c:/users/dell/stm32cubeide_1.4.0/stm32cubeide/plugins/com.st.stm32cube.ide.mcu.externaltools.gnu-tools-for-stm32.7-2018-q2-update.win32_1.4.0.202007081208/tools/bin/../lib/gcc/arm-none-eabi/7.3.1/../../../../arm-none-eabi/lib/thumb/v7-m/crt0.o
 .bss           0x0000000000000000        0x0 c:/users/dell/stm32cubeide_1.4.0/stm32cubeide/plugins/com.st.stm32cube.ide.mcu.externaltools.gnu-tools-for-stm32.7-2018-q2-update.win32_1.4.0.202007081208/tools/bin/../lib/gcc/arm-none-eabi/7.3.1/../../../../arm-none-eabi/lib/thumb/v7-m/crt0.o
 .ARM.extab     0x0000000000000000        0x0 c:/users/dell/stm32cubeide_1.4.0/stm32cubeide/plugins/com.st.stm32cube.ide.mcu.externaltools.gnu-tools-for-stm32.7-2018-q2-update.win32_1.4.0.202007081208/tools/bin/../lib/gcc/arm-none-eabi/7.3.1/../../../../arm-none-eabi/lib/thumb/v7-m/crt0.o
 .ARM.exidx     0x0000000000000000        0x8 c:/users/dell/stm32cubeide_1.4.0/stm32cubeide/plugins/com.st.stm32cube.ide.mcu.externaltools.gnu-tools-for-stm32.7-2018-q2-update.win32_1.4.0.202007081208/tools/bin/../lib/gcc/arm-none-eabi/7.3.1/../../../../arm-none-eabi/lib/thumb/v7-m/crt0.o
 .ARM.attributes
                0x0000000000000000       0x1b c:/users/dell/stm32cubeide_1.4.0/stm32cubeide/plugins/com.st.stm32cube.ide.mcu.externaltools.gnu-tools-for-stm32.7-2018-q2-update.win32_1.4.0.202007081208/tools/bin/../lib/gcc/arm-none-eabi/7.3.1/../../../../arm-none-eabi/lib/thumb/v7-m/crt0.o
 .group         0x0000000000000000        0xc STM32F103_Drivers/STM32F103C6_GPIO_Driver.o
 .group         0x0000000000000000        0xc STM32F103_Drivers/STM32F103C6_GPIO_Driver.o
 .group         0x0000000000000000        0xc STM32F103_Drivers/STM32F103C6_GPIO_Driver.o
 .group         0x0000000000000000        0xc STM32F103_Drivers/STM32F103C6_GPIO_Driver.o
 .group         0x0000000000000000        0xc STM32F103_Drivers/STM32F103C6_GPIO_Driver.o
 .group         0x0000000000000000        0xc STM32F103_Drivers/STM32F103C6_GPIO_Driver.o
 .group         0x0000000000000000        0xc STM32F103_Drivers/STM32F103C6_GPIO_Driver.o
 .group         0x0000000000000000        0xc STM32F103_Drivers/STM32F103C6_GPIO_Driver.o
 .group         0x0000000000000000        0xc STM32F103_Drivers/STM32F103C6_GPIO_Driver.o
 .group         0x0000000000000000        0xc STM32F103_Drivers/STM32F103C6_GPIO_Driver.o
 .group         0x0000000000000000        0xc STM32F103_Drivers/STM32F103C6_GPIO_Driver.o
 .group         0x0000000000000000        0xc STM32F103_Drivers/STM32F103C6_GPIO_Driver.o
 .group         0x0000000000000000        0xc STM32F103_Drivers/STM32F103C6_GPIO_Driver.o
 .group         0x0000000000000000        0xc STM32F103_Drivers/STM32F103C6_GPIO_Driver.o
 .group         0x0000000000000000        0xc STM32F103_Drivers/STM32F103C6_GPIO_Driver.o
 .group         0x0000000000000000        0xc STM32F103_Drivers/STM32F103C6_GPIO_Driver.o
 .group         0x0000000000000000        0xc STM32F103_Drivers/STM32F103C6_GPIO_Driver.o
 .group         0x0000000000000000        0xc STM32F103_Drivers/STM32F103C6_GPIO_Driver.o
 .group         0x0000000000000000        0xc STM32F103_Drivers/STM32F103C6_GPIO_Driver.o
 .group         0x0000000000000000        0xc STM32F103_Drivers/STM32F103C6_GPIO_Driver.o
 .group         0x0000000000000000        0xc STM32F103_Drivers/STM32F103C6_GPIO_Driver.o
 .group         0x0000000000000000        0xc STM32F103_Drivers/STM32F103C6_GPIO_Driver.o
 .group         0x0000000000000000        0xc STM32F103_Drivers/STM32F103C6_GPIO_Driver.o
 .group         0x0000000000000000        0xc STM32F103_Drivers/STM32F103C6_GPIO_Driver.o
 .group         0x0000000000000000        0xc STM32F103_Drivers/STM32F103C6_GPIO_Driver.o
 .group         0x0000000000000000        0xc STM32F103_Drivers/STM32F103C6_GPIO_Driver.o
 .group         0x0000000000000000        0xc STM32F103_Drivers/STM32F103C6_GPIO_Driver.o
 .group         0x0000000000000000        0xc STM32F103_Drivers/STM32F103C6_GPIO_Driver.o
 .group         0x0000000000000000        0xc STM32F103_Drivers/STM32F103C6_GPIO_Driver.o
 .group         0x0000000000000000        0xc STM32F103_Drivers/STM32F103C6_GPIO_Driver.o
 .group         0x0000000000000000        0xc STM32F103_Drivers/STM32F103C6_GPIO_Driver.o
 .group         0x0000000000000000        0xc STM32F103_Drivers/STM32F103C6_GPIO_Driver.o
 .group         0x0000000000000000        0xc STM32F103_Drivers/STM32F103C6_GPIO_Driver.o
 .group         0x0000000000000000        0xc STM32F103_Drivers/STM32F103C6_GPIO_Driver.o
 .group         0x0000000000000000        0xc STM32F103_Drivers/STM32F103C6_GPIO_Driver.o
 .group         0x0000000000000000        0xc STM32F103_Drivers/STM32F103C6_GPIO_Driver.o
 .group         0x0000000000000000        0xc STM32F103_Drivers/STM32F103C6_GPIO_Driver.o
 .group         0x0000000000000000        0xc STM32F103_Drivers/STM32F103C6_GPIO_Driver.o
 .text          0x0000000000000000        0x0 STM32F103_Drivers/STM32F103C6_GPIO_Driver.o
 .data          0x0000000000000000        0x0 STM32F103_Drivers/STM32F103C6_GPIO_Driver.o
 .bss           0x0000000000000000        0x0 STM32F103_Drivers/STM32F103C6_GPIO_Driver.o
 .text.MCAL_GPIO_deinit
                0x0000000000000000       0xd4 STM32F103_Drivers/STM32F103C6_GPIO_Driver.o
 .text.MCAL_GPIO_ReadPin
                0x0000000000000000       0x2e STM32F103_Drivers/STM32F103C6_GPIO_Driver.o
 .text.MCAL_GPIO_ReadPort
                0x0000000000000000       0x1a STM32F103_Drivers/STM32F103C6_GPIO_Driver.o
 .text.MCAL_GPIO_WritePin
                0x0000000000000000       0x3c STM32F103_Drivers/STM32F103C6_GPIO_Driver.o
 .text.MCAL_GPIO_WritePort
                0x0000000000000000       0x1c STM32F103_Drivers/STM32F103C6_GPIO_Driver.o
 .text.MCAL_GPIO_TogglePin
                0x0000000000000000       0x22 STM32F103_Drivers/STM32F103C6_GPIO_Driver.o
 .text.MCAL_GPIO_LockPin
                0x0000000000000000       0x54 STM32F103_Drivers/STM32F103C6_GPIO_Driver.o
 .group         0x0000000000000000        0xc STM32F103_Drivers/STM32F103C6_RCC_DRIVER.o
 .group         0x0000000000000000        0xc STM32F103_Drivers/STM32F103C6_RCC_DRIVER.o
 .group         0x0000000000000000        0xc STM32F103_Drivers/STM32F103C6_RCC_DRIVER.o
 .group         0x0000000000000000        0xc STM32F103_Drivers/STM32F103C6_RCC_DRIVER.o
 .group         0x0000000000000000        0xc STM32F103_Drivers/STM32F103C6_RCC_DRIVER.o
 .group         0x0000000000000000        0xc STM32F103_Drivers/STM32F103C6_RCC_DRIVER.o
 .group         0x0000000000000000        0xc STM32F103_Drivers/STM32F103C6_RCC_DRIVER.o
 .group         0x0000000000000000        0xc STM32F103_Drivers/STM32F103C6_RCC_DRIVER.o
 .group         0x0000000000000000        0xc STM32F103_Drivers/STM32F103C6_RCC_DRIVER.o
 .group         0x0000000000000000        0xc STM32F103_Drivers/STM32F103C6_RCC_DRIVER.o
 .group         0x0000000000000000        0xc STM32F103_Drivers/STM32F103C6_RCC_DRIVER.o
 .group         0x0000000000000000        0xc STM32F103_Drivers/STM32F103C6_RCC_DRIVER.o
 .group         0x0000000000000000        0xc STM32F103_Drivers/STM32F103C6_RCC_DRIVER.o
 .group         0x0000000000000000        0xc STM32F103_Drivers/STM32F103C6_RCC_DRIVER.o
 .group         0x0000000000000000        0xc STM32F103_Drivers/STM32F103C6_RCC_DRIVER.o
 .group         0x0000000000000000        0xc STM32F103_Drivers/STM32F103C6_RCC_DRIVER.o
 .group         0x0000000000000000        0xc STM32F103_Drivers/STM32F103C6_RCC_DRIVER.o
 .group         0x0000000000000000        0xc STM32F103_Drivers/STM32F103C6_RCC_DRIVER.o
 .group         0x0000000000000000        0xc STM32F103_Drivers/STM32F103C6_RCC_DRIVER.o
 .group         0x0000000000000000        0xc STM32F103_Drivers/STM32F103C6_RCC_DRIVER.o
 .group         0x0000000000000000        0xc STM32F103_Drivers/STM32F103C6_RCC_DRIVER.o
 .group         0x0000000000000000        0xc STM32F103_Drivers/STM32F103C6_RCC_DRIVER.o
 .group         0x0000000000000000        0xc STM32F103_Drivers/STM32F103C6_RCC_DRIVER.o
 .group         0x0000000000000000        0xc STM32F103_Drivers/STM32F103C6_RCC_DRIVER.o
 .group         0x0000000000000000        0xc STM32F103_Drivers/STM32F103C6_RCC_DRIVER.o
 .group         0x0000000000000000        0xc STM32F103_Drivers/STM32F103C6_RCC_DRIVER.o
 .group         0x0000000000000000        0xc STM32F103_Drivers/STM32F103C6_RCC_DRIVER.o
 .group         0x0000000000000000        0xc STM32F103_Drivers/STM32F103C6_RCC_DRIVER.o
 .group         0x0000000000000000        0xc STM32F103_Drivers/STM32F103C6_RCC_DRIVER.o
 .group         0x0000000000000000        0xc STM32F103_Drivers/STM32F103C6_RCC_DRIVER.o
 .group         0x0000000000000000        0xc STM32F103_Drivers/STM32F103C6_RCC_DRIVER.o
 .group         0x0000000000000000        0xc STM32F103_Drivers/STM32F103C6_RCC_DRIVER.o
 .group         0x0000000000000000        0xc STM32F103_Drivers/STM32F103C6_RCC_DRIVER.o
 .group         0x0000000000000000        0xc STM32F103_Drivers/STM32F103C6_RCC_DRIVER.o
 .group         0x0000000000000000        0xc STM32F103_Drivers/STM32F103C6_RCC_DRIVER.o
 .group         0x0000000000000000        0xc STM32F103_Drivers/STM32F103C6_RCC_DRIVER.o
 .group         0x0000000000000000        0xc STM32F103_Drivers/STM32F103C6_RCC_DRIVER.o
 .group         0x0000000000000000        0xc STM32F103_Drivers/STM32F103C6_RCC_DRIVER.o
 .text          0x0000000000000000        0x0 STM32F103_Drivers/STM32F103C6_RCC_DRIVER.o
 .data          0x0000000000000000        0x0 STM32F103_Drivers/STM32F103C6_RCC_DRIVER.o
 .bss           0x0000000000000000        0x0 STM32F103_Drivers/STM32F103C6_RCC_DRIVER.o
 .debug_macro   0x0000000000000000      0xa60 STM32F103_Drivers/STM32F103C6_RCC_DRIVER.o
 .debug_macro   0x0000000000000000       0x22 STM32F103_Drivers/STM32F103C6_RCC_DRIVER.o
 .debug_macro   0x0000000000000000       0x40 STM32F103_Drivers/STM32F103C6_RCC_DRIVER.o
 .debug_macro   0x0000000000000000       0x18 STM32F103_Drivers/STM32F103C6_RCC_DRIVER.o
 .debug_macro   0x0000000000000000       0x94 STM32F103_Drivers/STM32F103C6_RCC_DRIVER.o
 .debug_macro   0x0000000000000000       0x3c STM32F103_Drivers/STM32F103C6_RCC_DRIVER.o
 .debug_macro   0x0000000000000000       0x34 STM32F103_Drivers/STM32F103C6_RCC_DRIVER.o
 .debug_macro   0x0000000000000000       0x16 STM32F103_Drivers/STM32F103C6_RCC_DRIVER.o
 .debug_macro   0x0000000000000000       0x57 STM32F103_Drivers/STM32F103C6_RCC_DRIVER.o
 .debug_macro   0x0000000000000000       0x97 STM32F103_Drivers/STM32F103C6_RCC_DRIVER.o
 .debug_macro   0x0000000000000000      0x330 STM32F103_Drivers/STM32F103C6_RCC_DRIVER.o
 .debug_macro   0x0000000000000000       0xfd STM32F103_Drivers/STM32F103C6_RCC_DRIVER.o
 .debug_macro   0x0000000000000000       0x10 STM32F103_Drivers/STM32F103C6_RCC_DRIVER.o
 .debug_macro   0x0000000000000000       0x52 STM32F103_Drivers/STM32F103C6_RCC_DRIVER.o
 .debug_macro   0x0000000000000000       0x1f STM32F103_Drivers/STM32F103C6_RCC_DRIVER.o
 .debug_macro   0x0000000000000000       0x43 STM32F103_Drivers/STM32F103C6_RCC_DRIVER.o
 .debug_macro   0x0000000000000000       0x20 STM32F103_Drivers/STM32F103C6_RCC_DRIVER.o
 .debug_macro   0x0000000000000000      0x1a3 STM32F103_Drivers/STM32F103C6_RCC_DRIVER.o
 .debug_macro   0x0000000000000000       0x10 STM32F103_Drivers/STM32F103C6_RCC_DRIVER.o
 .debug_macro   0x0000000000000000       0x6a STM32F103_Drivers/STM32F103C6_RCC_DRIVER.o
 .debug_macro   0x0000000000000000       0x1c STM32F103_Drivers/STM32F103C6_RCC_DRIVER.o
 .debug_macro   0x0000000000000000       0x52 STM32F103_Drivers/STM32F103C6_RCC_DRIVER.o
 .debug_macro   0x0000000000000000       0x40 STM32F103_Drivers/STM32F103C6_RCC_DRIVER.o
 .debug_macro   0x0000000000000000       0x10 STM32F103_Drivers/STM32F103C6_RCC_DRIVER.o
 .debug_macro   0x0000000000000000       0x40 STM32F103_Drivers/STM32F103C6_RCC_DRIVER.o
 .debug_macro   0x0000000000000000       0xd7 STM32F103_Drivers/STM32F103C6_RCC_DRIVER.o
 .debug_macro   0x0000000000000000       0x1c STM32F103_Drivers/STM32F103C6_RCC_DRIVER.o
 .debug_macro   0x0000000000000000       0x3d STM32F103_Drivers/STM32F103C6_RCC_DRIVER.o
 .debug_macro   0x0000000000000000       0x16 STM32F103_Drivers/STM32F103C6_RCC_DRIVER.o
 .debug_macro   0x0000000000000000      0x145 STM32F103_Drivers/STM32F103C6_RCC_DRIVER.o
 .debug_macro   0x0000000000000000       0xef STM32F103_Drivers/STM32F103C6_RCC_DRIVER.o
 .debug_macro   0x0000000000000000      0x1df STM32F103_Drivers/STM32F103C6_RCC_DRIVER.o
 .debug_macro   0x0000000000000000       0x16 STM32F103_Drivers/STM32F103C6_RCC_DRIVER.o
 .debug_macro   0x0000000000000000       0x35 STM32F103_Drivers/STM32F103C6_RCC_DRIVER.o
 .debug_macro   0x0000000000000000       0x16 STM32F103_Drivers/STM32F103C6_RCC_DRIVER.o
 .debug_macro   0x0000000000000000       0x29 STM32F103_Drivers/STM32F103C6_RCC_DRIVER.o
 .debug_macro   0x0000000000000000      0x1ce STM32F103_Drivers/STM32F103C6_RCC_DRIVER.o
 .group         0x0000000000000000        0xc STM32F103_Drivers/STM32F103C6_SPI_DRIVER.o
 .group         0x0000000000000000        0xc STM32F103_Drivers/STM32F103C6_SPI_DRIVER.o
 .group         0x0000000000000000        0xc STM32F103_Drivers/STM32F103C6_SPI_DRIVER.o
 .group         0x0000000000000000        0xc STM32F103_Drivers/STM32F103C6_SPI_DRIVER.o
 .group         0x0000000000000000        0xc STM32F103_Drivers/STM32F103C6_SPI_DRIVER.o
 .group         0x0000000000000000        0xc STM32F103_Drivers/STM32F103C6_SPI_DRIVER.o
 .group         0x0000000000000000        0xc STM32F103_Drivers/STM32F103C6_SPI_DRIVER.o
 .group         0x0000000000000000        0xc STM32F103_Drivers/STM32F103C6_SPI_DRIVER.o
 .group         0x0000000000000000        0xc STM32F103_Drivers/STM32F103C6_SPI_DRIVER.o
 .group         0x0000000000000000        0xc STM32F103_Drivers/STM32F103C6_SPI_DRIVER.o
 .group         0x0000000000000000        0xc STM32F103_Drivers/STM32F103C6_SPI_DRIVER.o
 .group         0x0000000000000000        0xc STM32F103_Drivers/STM32F103C6_SPI_DRIVER.o
 .group         0x0000000000000000        0xc STM32F103_Drivers/STM32F103C6_SPI_DRIVER.o
 .group         0x0000000000000000        0xc STM32F103_Drivers/STM32F103C6_SPI_DRIVER.o
 .group         0x0000000000000000        0xc STM32F103_Drivers/STM32F103C6_SPI_DRIVER.o
 .group         0x0000000000000000        0xc STM32F103_Drivers/STM32F103C6_SPI_DRIVER.o
 .group         0x0000000000000000        0xc STM32F103_Drivers/STM32F103C6_SPI_DRIVER.o
 .group         0x0000000000000000        0xc STM32F103_Drivers/STM32F103C6_SPI_DRIVER.o
 .group         0x0000000000000000        0xc STM32F103_Drivers/STM32F103C6_SPI_DRIVER.o
 .group         0x0000000000000000        0xc STM32F103_Drivers/STM32F103C6_SPI_DRIVER.o
 .group         0x0000000000000000        0xc STM32F103_Drivers/STM32F103C6_SPI_DRIVER.o
 .group         0x0000000000000000        0xc STM32F103_Drivers/STM32F103C6_SPI_DRIVER.o
 .group         0x0000000000000000        0xc STM32F103_Drivers/STM32F103C6_SPI_DRIVER.o
 .group         0x0000000000000000        0xc STM32F103_Drivers/STM32F103C6_SPI_DRIVER.o
 .group         0x0000000000000000        0xc STM32F103_Drivers/STM32F103C6_SPI_DRIVER.o
 .group         0x0000000000000000        0xc STM32F103_Drivers/STM32F103C6_SPI_DRIVER.o
 .group         0x0000000000000000        0xc STM32F103_Drivers/STM32F103C6_SPI_DRIVER.o
 .group         0x0000000000000000        0xc STM32F103_Drivers/STM32F103C6_SPI_DRIVER.o
 .group         0x0000000000000000        0xc STM32F103_Drivers/STM32F103C6_SPI_DRIVER.o
 .group         0x0000000000000000        0xc STM32F103_Drivers/STM32F103C6_SPI_DRIVER.o
 .group         0x0000000000000000        0xc STM32F103_Drivers/STM32F103C6_SPI_DRIVER.o
 .group         0x0000000000000000        0xc STM32F103_Drivers/STM32F103C6_SPI_DRIVER.o
 .group         0x0000000000000000        0xc STM32F103_Drivers/STM32F103C6_SPI_DRIVER.o
 .group         0x0000000000000000        0xc STM32F103_Drivers/STM32F103C6_SPI_DRIVER.o
 .group         0x0000000000000000        0xc STM32F103_Drivers/STM32F103C6_SPI_DRIVER.o
 .group         0x0000000000000000        0xc STM32F103_Drivers/STM32F103C6_SPI_DRIVER.o
 .group         0x0000000000000000        0xc STM32F103_Drivers/STM32F103C6_SPI_DRIVER.o
 .group         0x0000000000000000        0xc STM32F103_Drivers/STM32F103C6_SPI_DRIVER.o
 .group         0x0000000000000000        0xc STM32F103_Drivers/STM32F103C6_SPI_DRIVER.o
 .group         0x0000000000000000        0xc STM32F103_Drivers/STM32F103C6_SPI_DRIVER.o
 .group         0x0000000000000000        0xc STM32F103_Drivers/STM32F103C6_SPI_DRIVER.o
 .text          0x0000000000000000        0x0 STM32F103_Drivers/STM32F103C6_SPI_DRIVER.o
 .data          0x0000000000000000        0x0 STM32F103_Drivers/STM32F103C6_SPI_DRIVER.o
 .bss           0x0000000000000000        0x0 STM32F103_Drivers/STM32F103C6_SPI_DRIVER.o
 .text.MCAL_SPI_deinit
                0x0000000000000000       0x48 STM32F103_Drivers/STM32F103C6_SPI_DRIVER.o
 .text.MCAL_SPI_SendData
                0x0000000000000000       0x8c STM32F103_Drivers/STM32F103C6_SPI_DRIVER.o
 .debug_macro   0x0000000000000000      0xa60 STM32F103_Drivers/STM32F103C6_SPI_DRIVER.o
 .debug_macro   0x0000000000000000       0x22 STM32F103_Drivers/STM32F103C6_SPI_DRIVER.o
 .debug_macro   0x0000000000000000       0x40 STM32F103_Drivers/STM32F103C6_SPI_DRIVER.o
 .debug_macro   0x0000000000000000       0x18 STM32F103_Drivers/STM32F103C6_SPI_DRIVER.o
 .debug_macro   0x0000000000000000       0x94 STM32F103_Drivers/STM32F103C6_SPI_DRIVER.o
 .debug_macro   0x0000000000000000       0x3c STM32F103_Drivers/STM32F103C6_SPI_DRIVER.o
 .debug_macro   0x0000000000000000       0x34 STM32F103_Drivers/STM32F103C6_SPI_DRIVER.o
 .debug_macro   0x0000000000000000       0x16 STM32F103_Drivers/STM32F103C6_SPI_DRIVER.o
 .debug_macro   0x0000000000000000       0x57 STM32F103_Drivers/STM32F103C6_SPI_DRIVER.o
 .debug_macro   0x0000000000000000       0x97 STM32F103_Drivers/STM32F103C6_SPI_DRIVER.o
 .debug_macro   0x0000000000000000      0x330 STM32F103_Drivers/STM32F103C6_SPI_DRIVER.o
 .debug_macro   0x0000000000000000       0xfd STM32F103_Drivers/STM32F103C6_SPI_DRIVER.o
 .debug_macro   0x0000000000000000       0x10 STM32F103_Drivers/STM32F103C6_SPI_DRIVER.o
 .debug_macro   0x0000000000000000       0x52 STM32F103_Drivers/STM32F103C6_SPI_DRIVER.o
 .debug_macro   0x0000000000000000       0x1f STM32F103_Drivers/STM32F103C6_SPI_DRIVER.o
 .debug_macro   0x0000000000000000       0x43 STM32F103_Drivers/STM32F103C6_SPI_DRIVER.o
 .debug_macro   0x0000000000000000       0x20 STM32F103_Drivers/STM32F103C6_SPI_DRIVER.o
 .debug_macro   0x0000000000000000      0x1a3 STM32F103_Drivers/STM32F103C6_SPI_DRIVER.o
 .debug_macro   0x0000000000000000       0x10 STM32F103_Drivers/STM32F103C6_SPI_DRIVER.o
 .debug_macro   0x0000000000000000       0x6a STM32F103_Drivers/STM32F103C6_SPI_DRIVER.o
 .debug_macro   0x0000000000000000       0x1c STM32F103_Drivers/STM32F103C6_SPI_DRIVER.o
 .debug_macro   0x0000000000000000       0x52 STM32F103_Drivers/STM32F103C6_SPI_DRIVER.o
 .debug_macro   0x0000000000000000       0x40 STM32F103_Drivers/STM32F103C6_SPI_DRIVER.o
 .debug_macro   0x0000000000000000       0x10 STM32F103_Drivers/STM32F103C6_SPI_DRIVER.o
 .debug_macro   0x0000000000000000       0x40 STM32F103_Drivers/STM32F103C6_SPI_DRIVER.o
 .debug_macro   0x0000000000000000       0xd7 STM32F103_Drivers/STM32F103C6_SPI_DRIVER.o
 .debug_macro   0x0000000000000000       0x1c STM32F103_Drivers/STM32F103C6_SPI_DRIVER.o
 .debug_macro   0x0000000000000000       0x3d STM32F103_Drivers/STM32F103C6_SPI_DRIVER.o
 .debug_macro   0x0000000000000000       0x16 STM32F103_Drivers/STM32F103C6_SPI_DRIVER.o
 .debug_macro   0x0000000000000000      0x145 STM32F103_Drivers/STM32F103C6_SPI_DRIVER.o
 .debug_macro   0x0000000000000000       0xef STM32F103_Drivers/STM32F103C6_SPI_DRIVER.o
 .debug_macro   0x0000000000000000      0x1df STM32F103_Drivers/STM32F103C6_SPI_DRIVER.o
 .debug_macro   0x0000000000000000       0x16 STM32F103_Drivers/STM32F103C6_SPI_DRIVER.o
 .debug_macro   0x0000000000000000       0x35 STM32F103_Drivers/STM32F103C6_SPI_DRIVER.o
 .debug_macro   0x0000000000000000       0x16 STM32F103_Drivers/STM32F103C6_SPI_DRIVER.o
 .debug_macro   0x0000000000000000       0x29 STM32F103_Drivers/STM32F103C6_SPI_DRIVER.o
 .debug_macro   0x0000000000000000      0x1ce STM32F103_Drivers/STM32F103C6_SPI_DRIVER.o
 .group         0x0000000000000000        0xc STM32F103_Drivers/STM32F103C6_USART_DRIVER.o
 .group         0x0000000000000000        0xc STM32F103_Drivers/STM32F103C6_USART_DRIVER.o
 .group         0x0000000000000000        0xc STM32F103_Drivers/STM32F103C6_USART_DRIVER.o
 .group         0x0000000000000000        0xc STM32F103_Drivers/STM32F103C6_USART_DRIVER.o
 .group         0x0000000000000000        0xc STM32F103_Drivers/STM32F103C6_USART_DRIVER.o
 .group         0x0000000000000000        0xc STM32F103_Drivers/STM32F103C6_USART_DRIVER.o
 .group         0x0000000000000000        0xc STM32F103_Drivers/STM32F103C6_USART_DRIVER.o
 .group         0x0000000000000000        0xc STM32F103_Drivers/STM32F103C6_USART_DRIVER.o
 .group         0x0000000000000000        0xc STM32F103_Drivers/STM32F103C6_USART_DRIVER.o
 .group         0x0000000000000000        0xc STM32F103_Drivers/STM32F103C6_USART_DRIVER.o
 .group         0x0000000000000000        0xc STM32F103_Drivers/STM32F103C6_USART_DRIVER.o
 .group         0x0000000000000000        0xc STM32F103_Drivers/STM32F103C6_USART_DRIVER.o
 .group         0x0000000000000000        0xc STM32F103_Drivers/STM32F103C6_USART_DRIVER.o
 .group         0x0000000000000000        0xc STM32F103_Drivers/STM32F103C6_USART_DRIVER.o
 .group         0x0000000000000000        0xc STM32F103_Drivers/STM32F103C6_USART_DRIVER.o
 .group         0x0000000000000000        0xc STM32F103_Drivers/STM32F103C6_USART_DRIVER.o
 .group         0x0000000000000000        0xc STM32F103_Drivers/STM32F103C6_USART_DRIVER.o
 .group         0x0000000000000000        0xc STM32F103_Drivers/STM32F103C6_USART_DRIVER.o
 .group         0x0000000000000000        0xc STM32F103_Drivers/STM32F103C6_USART_DRIVER.o
 .group         0x0000000000000000        0xc STM32F103_Drivers/STM32F103C6_USART_DRIVER.o
 .group         0x0000000000000000        0xc STM32F103_Drivers/STM32F103C6_USART_DRIVER.o
 .group         0x0000000000000000        0xc STM32F103_Drivers/STM32F103C6_USART_DRIVER.o
 .group         0x0000000000000000        0xc STM32F103_Drivers/STM32F103C6_USART_DRIVER.o
 .group         0x0000000000000000        0xc STM32F103_Drivers/STM32F103C6_USART_DRIVER.o
 .group         0x0000000000000000        0xc STM32F103_Drivers/STM32F103C6_USART_DRIVER.o
 .group         0x0000000000000000        0xc STM32F103_Drivers/STM32F103C6_USART_DRIVER.o
 .group         0x0000000000000000        0xc STM32F103_Drivers/STM32F103C6_USART_DRIVER.o
 .group         0x0000000000000000        0xc STM32F103_Drivers/STM32F103C6_USART_DRIVER.o
 .group         0x0000000000000000        0xc STM32F103_Drivers/STM32F103C6_USART_DRIVER.o
 .group         0x0000000000000000        0xc STM32F103_Drivers/STM32F103C6_USART_DRIVER.o
 .group         0x0000000000000000        0xc STM32F103_Drivers/STM32F103C6_USART_DRIVER.o
 .group         0x0000000000000000        0xc STM32F103_Drivers/STM32F103C6_USART_DRIVER.o
 .group         0x0000000000000000        0xc STM32F103_Drivers/STM32F103C6_USART_DRIVER.o
 .group         0x0000000000000000        0xc STM32F103_Drivers/STM32F103C6_USART_DRIVER.o
 .group         0x0000000000000000        0xc STM32F103_Drivers/STM32F103C6_USART_DRIVER.o
 .group         0x0000000000000000        0xc STM32F103_Drivers/STM32F103C6_USART_DRIVER.o
 .group         0x0000000000000000        0xc STM32F103_Drivers/STM32F103C6_USART_DRIVER.o
 .group         0x0000000000000000        0xc STM32F103_Drivers/STM32F103C6_USART_DRIVER.o
 .group         0x0000000000000000        0xc STM32F103_Drivers/STM32F103C6_USART_DRIVER.o
 .group         0x0000000000000000        0xc STM32F103_Drivers/STM32F103C6_USART_DRIVER.o
 .text          0x0000000000000000        0x0 STM32F103_Drivers/STM32F103C6_USART_DRIVER.o
 .data          0x0000000000000000        0x0 STM32F103_Drivers/STM32F103C6_USART_DRIVER.o
 .bss           0x0000000000000000        0x0 STM32F103_Drivers/STM32F103C6_USART_DRIVER.o
 .text.MCAL_USART_deinit
                0x0000000000000000       0x64 STM32F103_Drivers/STM32F103C6_USART_DRIVER.o
 .text.MCAL_USART_Wait_TC
                0x0000000000000000       0x22 STM32F103_Drivers/STM32F103C6_USART_DRIVER.o
 .text.MCAL_USART_ReceiveData
                0x0000000000000000       0xb4 STM32F103_Drivers/STM32F103C6_USART_DRIVER.o
 .debug_macro   0x0000000000000000      0xa60 STM32F103_Drivers/STM32F103C6_USART_DRIVER.o
 .debug_macro   0x0000000000000000       0x22 STM32F103_Drivers/STM32F103C6_USART_DRIVER.o
 .debug_macro   0x0000000000000000       0x40 STM32F103_Drivers/STM32F103C6_USART_DRIVER.o
 .debug_macro   0x0000000000000000       0x18 STM32F103_Drivers/STM32F103C6_USART_DRIVER.o
 .debug_macro   0x0000000000000000       0x94 STM32F103_Drivers/STM32F103C6_USART_DRIVER.o
 .debug_macro   0x0000000000000000       0x3c STM32F103_Drivers/STM32F103C6_USART_DRIVER.o
 .debug_macro   0x0000000000000000       0x34 STM32F103_Drivers/STM32F103C6_USART_DRIVER.o
 .debug_macro   0x0000000000000000       0x16 STM32F103_Drivers/STM32F103C6_USART_DRIVER.o
 .debug_macro   0x0000000000000000       0x57 STM32F103_Drivers/STM32F103C6_USART_DRIVER.o
 .debug_macro   0x0000000000000000       0x97 STM32F103_Drivers/STM32F103C6_USART_DRIVER.o
 .debug_macro   0x0000000000000000      0x330 STM32F103_Drivers/STM32F103C6_USART_DRIVER.o
 .debug_macro   0x0000000000000000       0xfd STM32F103_Drivers/STM32F103C6_USART_DRIVER.o
 .debug_macro   0x0000000000000000       0x10 STM32F103_Drivers/STM32F103C6_USART_DRIVER.o
 .debug_macro   0x0000000000000000       0x52 STM32F103_Drivers/STM32F103C6_USART_DRIVER.o
 .debug_macro   0x0000000000000000       0x1f STM32F103_Drivers/STM32F103C6_USART_DRIVER.o
 .debug_macro   0x0000000000000000       0x43 STM32F103_Drivers/STM32F103C6_USART_DRIVER.o
 .debug_macro   0x0000000000000000       0x20 STM32F103_Drivers/STM32F103C6_USART_DRIVER.o
 .debug_macro   0x0000000000000000      0x1a3 STM32F103_Drivers/STM32F103C6_USART_DRIVER.o
 .debug_macro   0x0000000000000000       0x10 STM32F103_Drivers/STM32F103C6_USART_DRIVER.o
 .debug_macro   0x0000000000000000       0x6a STM32F103_Drivers/STM32F103C6_USART_DRIVER.o
 .debug_macro   0x0000000000000000       0x1c STM32F103_Drivers/STM32F103C6_USART_DRIVER.o
 .debug_macro   0x0000000000000000       0x52 STM32F103_Drivers/STM32F103C6_USART_DRIVER.o
 .debug_macro   0x0000000000000000       0x40 STM32F103_Drivers/STM32F103C6_USART_DRIVER.o
 .debug_macro   0x0000000000000000       0x10 STM32F103_Drivers/STM32F103C6_USART_DRIVER.o
 .debug_macro   0x0000000000000000       0x40 STM32F103_Drivers/STM32F103C6_USART_DRIVER.o
 .debug_macro   0x0000000000000000       0xd7 STM32F103_Drivers/STM32F103C6_USART_DRIVER.o
 .debug_macro   0x0000000000000000       0x1c STM32F103_Drivers/STM32F103C6_USART_DRIVER.o
 .debug_macro   0x0000000000000000       0x3d STM32F103_Drivers/STM32F103C6_USART_DRIVER.o
 .debug_macro   0x0000000000000000       0x16 STM32F103_Drivers/STM32F103C6_USART_DRIVER.o
 .debug_macro   0x0000000000000000      0x145 STM32F103_Drivers/STM32F103C6_USART_DRIVER.o
 .debug_macro   0x0000000000000000       0xef STM32F103_Drivers/STM32F103C6_USART_DRIVER.o
 .debug_macro   0x0000000000000000      0x1df STM32F103_Drivers/STM32F103C6_USART_DRIVER.o
 .debug_macro   0x0000000000000000       0x16 STM32F103_Drivers/STM32F103C6_USART_DRIVER.o
 .debug_macro   0x0000000000000000       0x35 STM32F103_Drivers/STM32F103C6_USART_DRIVER.o
 .debug_macro   0x0000000000000000       0x16 STM32F103_Drivers/STM32F103C6_USART_DRIVER.o
 .debug_macro   0x0000000000000000       0x29 STM32F103_Drivers/STM32F103C6_USART_DRIVER.o
 .debug_macro   0x0000000000000000      0x1ce STM32F103_Drivers/STM32F103C6_USART_DRIVER.o
 .debug_macro   0x0000000000000000       0x16 STM32F103_Drivers/STM32F103C6_USART_DRIVER.o
 .debug_macro   0x0000000000000000       0xd0 STM32F103_Drivers/STM32F103C6_USART_DRIVER.o
 .debug_macro   0x0000000000000000       0xe8 STM32F103_Drivers/STM32F103C6_USART_DRIVER.o
 .group         0x0000000000000000        0xc Src/main.o
 .group         0x0000000000000000        0xc Src/main.o
 .group         0x0000000000000000        0xc Src/main.o
 .group         0x0000000000000000        0xc Src/main.o
 .group         0x0000000000000000        0xc Src/main.o
 .group         0x0000000000000000        0xc Src/main.o
 .group         0x0000000000000000        0xc Src/main.o
 .group         0x0000000000000000        0xc Src/main.o
 .group         0x0000000000000000        0xc Src/main.o
 .group         0x0000000000000000        0xc Src/main.o
 .group         0x0000000000000000        0xc Src/main.o
 .group         0x0000000000000000        0xc Src/main.o
 .group         0x0000000000000000        0xc Src/main.o
 .group         0x0000000000000000        0xc Src/main.o
 .group         0x0000000000000000        0xc Src/main.o
 .group         0x0000000000000000        0xc Src/main.o
 .group         0x0000000000000000        0xc Src/main.o
 .group         0x0000000000000000        0xc Src/main.o
 .group         0x0000000000000000        0xc Src/main.o
 .group         0x0000000000000000        0xc Src/main.o
 .group         0x0000000000000000        0xc Src/main.o
 .group         0x0000000000000000        0xc Src/main.o
 .group         0x0000000000000000        0xc Src/main.o
 .group         0x0000000000000000        0xc Src/main.o
 .group         0x0000000000000000        0xc Src/main.o
 .group         0x0000000000000000        0xc Src/main.o
 .group         0x0000000000000000        0xc Src/main.o
 .group         0x0000000000000000        0xc Src/main.o
 .group         0x0000000000000000        0xc Src/main.o
 .group         0x0000000000000000        0xc Src/main.o
 .group         0x0000000000000000        0xc Src/main.o
 .group         0x0000000000000000        0xc Src/main.o
 .group         0x0000000000000000        0xc Src/main.o
 .group         0x0000000000000000        0xc Src/main.o
 .group         0x0000000000000000        0xc Src/main.o
 .group         0x0000000000000000        0xc Src/main.o
 .group         0x0000000000000000        0xc Src/main.o
 .group         0x0000000000000000        0xc Src/main.o
 .group         0x0000000000000000        0xc Src/main.o
 .group         0x0000000000000000        0xc Src/main.o
 .group         0x0000000000000000        0xc Src/main.o
 .text          0x0000000000000000        0x0 Src/main.o
 .data          0x0000000000000000        0x0 Src/main.o
 .bss           0x0000000000000000        0x0 Src/main.o
 .debug_macro   0x0000000000000000      0xa60 Src/main.o
 .debug_macro   0x0000000000000000       0x22 Src/main.o
 .debug_macro   0x0000000000000000       0x40 Src/main.o
 .debug_macro   0x0000000000000000       0x18 Src/main.o
 .debug_macro   0x0000000000000000       0x94 Src/main.o
 .debug_macro   0x0000000000000000       0x3c Src/main.o
 .debug_macro   0x0000000000000000       0x34 Src/main.o
 .debug_macro   0x0000000000000000       0x16 Src/main.o
 .debug_macro   0x0000000000000000       0x57 Src/main.o
 .debug_macro   0x0000000000000000       0x97 Src/main.o
 .debug_macro   0x0000000000000000      0x330 Src/main.o
 .debug_macro   0x0000000000000000       0xfd Src/main.o
 .debug_macro   0x0000000000000000       0x10 Src/main.o
 .debug_macro   0x0000000000000000       0x52 Src/main.o
 .debug_macro   0x0000000000000000       0x1f Src/main.o
 .debug_macro   0x0000000000000000       0x43 Src/main.o
 .debug_macro   0x0000000000000000       0x20 Src/main.o
 .debug_macro   0x0000000000000000      0x1a3 Src/main.o
 .debug_macro   0x0000000000000000       0x10 Src/main.o
 .debug_macro   0x0000000000000000       0x6a Src/main.o
 .debug_macro   0x0000000000000000       0x1c Src/main.o
 .debug_macro   0x0000000000000000       0x52 Src/main.o
 .debug_macro   0x0000000000000000       0x40 Src/main.o
 .debug_macro   0x0000000000000000       0x10 Src/main.o
 .debug_macro   0x0000000000000000       0x40 Src/main.o
 .debug_macro   0x0000000000000000       0xd7 Src/main.o
 .debug_macro   0x0000000000000000       0x1c Src/main.o
 .debug_macro   0x0000000000000000       0x3d Src/main.o
 .debug_macro   0x0000000000000000       0x16 Src/main.o
 .debug_macro   0x0000000000000000      0x145 Src/main.o
 .debug_macro   0x0000000000000000       0xef Src/main.o
 .debug_macro   0x0000000000000000      0x1df Src/main.o
 .debug_macro   0x0000000000000000       0x16 Src/main.o
 .debug_macro   0x0000000000000000       0x35 Src/main.o
 .debug_macro   0x0000000000000000       0x16 Src/main.o
 .debug_macro   0x0000000000000000       0x29 Src/main.o
 .debug_macro   0x0000000000000000      0x1ce Src/main.o
 .debug_macro   0x0000000000000000       0x10 Src/main.o
 .debug_macro   0x0000000000000000       0xd0 Src/main.o
 .debug_macro   0x0000000000000000       0xe8 Src/main.o
 .debug_macro   0x0000000000000000       0xbe Src/main.o
 .group         0x0000000000000000        0xc Src/syscalls.o
 .group         0x0000000000000000        0xc Src/syscalls.o
 .group         0x0000000000000000        0xc Src/syscalls.o
 .group         0x0000000000000000        0xc Src/syscalls.o
 .group         0x0000000000000000        0xc Src/syscalls.o
 .group         0x0000000000000000        0xc Src/syscalls.o
 .group         0x0000000000000000        0xc Src/syscalls.o
 .group         0x0000000000000000        0xc Src/syscalls.o
 .group         0x0000000000000000        0xc Src/syscalls.o
 .group         0x0000000000000000        0xc Src/syscalls.o
 .group         0x0000000000000000        0xc Src/syscalls.o
 .group         0x0000000000000000        0xc Src/syscalls.o
 .group         0x0000000000000000        0xc Src/syscalls.o
 .group         0x0000000000000000        0xc Src/syscalls.o
 .group         0x0000000000000000        0xc Src/syscalls.o
 .group         0x0000000000000000        0xc Src/syscalls.o
 .group         0x0000000000000000        0xc Src/syscalls.o
 .group         0x0000000000000000        0xc Src/syscalls.o
 .group         0x0000000000000000        0xc Src/syscalls.o
 .group         0x0000000000000000        0xc Src/syscalls.o
 .group         0x0000000000000000        0xc Src/syscalls.o
 .group         0x0000000000000000        0xc Src/syscalls.o
 .group         0x0000000000000000        0xc Src/syscalls.o
 .group         0x0000000000000000        0xc Src/syscalls.o
 .group         0x0000000000000000        0xc Src/syscalls.o
 .group         0x0000000000000000        0xc Src/syscalls.o
 .group         0x0000000000000000        0xc Src/syscalls.o
 .group         0x0000000000000000        0xc Src/syscalls.o
 .group         0x0000000000000000        0xc Src/syscalls.o
 .group         0x0000000000000000        0xc Src/syscalls.o
 .group         0x0000000000000000        0xc Src/syscalls.o
 .group         0x0000000000000000        0xc Src/syscalls.o
 .group         0x0000000000000000        0xc Src/syscalls.o
 .group         0x0000000000000000        0xc Src/syscalls.o
 .group         0x0000000000000000        0xc Src/syscalls.o
 .group         0x0000000000000000        0xc Src/syscalls.o
 .group         0x0000000000000000        0xc Src/syscalls.o
 .group         0x0000000000000000        0xc Src/syscalls.o
 .group         0x0000000000000000        0xc Src/syscalls.o
 .group         0x0000000000000000        0xc Src/syscalls.o
 .group         0x0000000000000000        0xc Src/syscalls.o
 .group         0x0000000000000000        0xc Src/syscalls.o
 .group         0x0000000000000000        0xc Src/syscalls.o
 .group         0x0000000000000000        0xc Src/syscalls.o
 .text          0x0000000000000000        0x0 Src/syscalls.o
 .data          0x0000000000000000        0x0 Src/syscalls.o
 .bss           0x0000000000000000        0x0 Src/syscalls.o
 .bss.__env     0x0000000000000000        0x4 Src/syscalls.o
 .data.environ  0x0000000000000000        0x4 Src/syscalls.o
 .text.initialise_monitor_handles
                0x0000000000000000        0xc Src/syscalls.o
 .text._getpid  0x0000000000000000        0xe Src/syscalls.o
 .text._kill    0x0000000000000000       0x20 Src/syscalls.o
 .text._exit    0x0000000000000000       0x14 Src/syscalls.o
 .text._read    0x0000000000000000       0x3a Src/syscalls.o
 .text._write   0x0000000000000000       0x38 Src/syscalls.o
 .text._close   0x0000000000000000       0x16 Src/syscalls.o
 .text._fstat   0x0000000000000000       0x1e Src/syscalls.o
 .text._isatty  0x0000000000000000       0x14 Src/syscalls.o
 .text._lseek   0x0000000000000000       0x18 Src/syscalls.o
 .text._open    0x0000000000000000       0x1a Src/syscalls.o
 .text._wait    0x0000000000000000       0x1e Src/syscalls.o
 .text._unlink  0x0000000000000000       0x1e Src/syscalls.o
 .text._times   0x0000000000000000       0x16 Src/syscalls.o
 .text._stat    0x0000000000000000       0x1e Src/syscalls.o
 .text._link    0x0000000000000000       0x20 Src/syscalls.o
 .text._fork    0x0000000000000000       0x16 Src/syscalls.o
 .text._execve  0x0000000000000000       0x22 Src/syscalls.o
 .debug_info    0x0000000000000000      0xebd Src/syscalls.o
 .debug_abbrev  0x0000000000000000      0x261 Src/syscalls.o
 .debug_aranges
                0x0000000000000000       0xa8 Src/syscalls.o
 .debug_ranges  0x0000000000000000       0x98 Src/syscalls.o
 .debug_macro   0x0000000000000000      0x243 Src/syscalls.o
 .debug_macro   0x0000000000000000      0xa60 Src/syscalls.o
 .debug_macro   0x0000000000000000       0x22 Src/syscalls.o
 .debug_macro   0x0000000000000000       0x40 Src/syscalls.o
 .debug_macro   0x0000000000000000       0x18 Src/syscalls.o
 .debug_macro   0x0000000000000000       0x94 Src/syscalls.o
 .debug_macro   0x0000000000000000       0x3c Src/syscalls.o
 .debug_macro   0x0000000000000000       0x34 Src/syscalls.o
 .debug_macro   0x0000000000000000       0x57 Src/syscalls.o
 .debug_macro   0x0000000000000000      0x174 Src/syscalls.o
 .debug_macro   0x0000000000000000      0x330 Src/syscalls.o
 .debug_macro   0x0000000000000000       0x52 Src/syscalls.o
 .debug_macro   0x0000000000000000       0x1f Src/syscalls.o
 .debug_macro   0x0000000000000000       0x43 Src/syscalls.o
 .debug_macro   0x0000000000000000       0x20 Src/syscalls.o
 .debug_macro   0x0000000000000000      0x1a3 Src/syscalls.o
 .debug_macro   0x0000000000000000       0x10 Src/syscalls.o
 .debug_macro   0x0000000000000000       0x35 Src/syscalls.o
 .debug_macro   0x0000000000000000       0x10 Src/syscalls.o
 .debug_macro   0x0000000000000000       0x10 Src/syscalls.o
 .debug_macro   0x0000000000000000       0x10 Src/syscalls.o
 .debug_macro   0x0000000000000000       0x6a Src/syscalls.o
 .debug_macro   0x0000000000000000       0x1c Src/syscalls.o
 .debug_macro   0x0000000000000000       0x52 Src/syscalls.o
 .debug_macro   0x0000000000000000       0x40 Src/syscalls.o
 .debug_macro   0x0000000000000000       0x10 Src/syscalls.o
 .debug_macro   0x0000000000000000       0x40 Src/syscalls.o
 .debug_macro   0x0000000000000000       0xd7 Src/syscalls.o
 .debug_macro   0x0000000000000000       0x1c Src/syscalls.o
 .debug_macro   0x0000000000000000       0x3d Src/syscalls.o
 .debug_macro   0x0000000000000000       0x35 Src/syscalls.o
 .debug_macro   0x0000000000000000      0x122 Src/syscalls.o
 .debug_macro   0x0000000000000000       0x16 Src/syscalls.o
 .debug_macro   0x0000000000000000       0x16 Src/syscalls.o
 .debug_macro   0x0000000000000000       0x29 Src/syscalls.o
 .debug_macro   0x0000000000000000       0x10 Src/syscalls.o
 .debug_macro   0x0000000000000000      0x241 Src/syscalls.o
 .debug_macro   0x0000000000000000       0x1c Src/syscalls.o
 .debug_macro   0x0000000000000000       0x10 Src/syscalls.o
 .debug_macro   0x0000000000000000       0x10 Src/syscalls.o
 .debug_macro   0x0000000000000000       0x16 Src/syscalls.o
 .debug_macro   0x0000000000000000      0x145 Src/syscalls.o
 .debug_macro   0x0000000000000000      0x189 Src/syscalls.o
 .debug_macro   0x0000000000000000       0x16 Src/syscalls.o
 .debug_macro   0x0000000000000000       0x88 Src/syscalls.o
 .debug_line    0x0000000000000000      0x761 Src/syscalls.o
 .debug_str     0x0000000000000000     0x8867 Src/syscalls.o
 .comment       0x0000000000000000       0x7c Src/syscalls.o
 .debug_frame   0x0000000000000000      0x2ac Src/syscalls.o
 .ARM.attributes
                0x0000000000000000       0x33 Src/syscalls.o
 .group         0x0000000000000000        0xc Src/sysmem.o
 .group         0x0000000000000000        0xc Src/sysmem.o
 .group         0x0000000000000000        0xc Src/sysmem.o
 .group         0x0000000000000000        0xc Src/sysmem.o
 .group         0x0000000000000000        0xc Src/sysmem.o
 .group         0x0000000000000000        0xc Src/sysmem.o
 .group         0x0000000000000000        0xc Src/sysmem.o
 .group         0x0000000000000000        0xc Src/sysmem.o
 .group         0x0000000000000000        0xc Src/sysmem.o
 .group         0x0000000000000000        0xc Src/sysmem.o
 .group         0x0000000000000000        0xc Src/sysmem.o
 .group         0x0000000000000000        0xc Src/sysmem.o
 .group         0x0000000000000000        0xc Src/sysmem.o
 .group         0x0000000000000000        0xc Src/sysmem.o
 .group         0x0000000000000000        0xc Src/sysmem.o
 .group         0x0000000000000000        0xc Src/sysmem.o
 .group         0x0000000000000000        0xc Src/sysmem.o
 .group         0x0000000000000000        0xc Src/sysmem.o
 .group         0x0000000000000000        0xc Src/sysmem.o
 .text          0x0000000000000000        0x0 Src/sysmem.o
 .data          0x0000000000000000        0x0 Src/sysmem.o
 .bss           0x0000000000000000        0x0 Src/sysmem.o
 .bss.__sbrk_heap_end
                0x0000000000000000        0x4 Src/sysmem.o
 .text._sbrk    0x0000000000000000       0x6c Src/sysmem.o
 .debug_info    0x0000000000000000      0x985 Src/sysmem.o
 .debug_abbrev  0x0000000000000000      0x19b Src/sysmem.o
 .debug_aranges
                0x0000000000000000       0x20 Src/sysmem.o
 .debug_ranges  0x0000000000000000       0x10 Src/sysmem.o
 .debug_macro   0x0000000000000000       0xee Src/sysmem.o
 .debug_macro   0x0000000000000000      0xa60 Src/sysmem.o
 .debug_macro   0x0000000000000000       0x10 Src/sysmem.o
 .debug_macro   0x0000000000000000       0x22 Src/sysmem.o
 .debug_macro   0x0000000000000000       0x40 Src/sysmem.o
 .debug_macro   0x0000000000000000       0x18 Src/sysmem.o
 .debug_macro   0x0000000000000000       0x94 Src/sysmem.o
 .debug_macro   0x0000000000000000       0x3c Src/sysmem.o
 .debug_macro   0x0000000000000000       0x34 Src/sysmem.o
 .debug_macro   0x0000000000000000      0x174 Src/sysmem.o
 .debug_macro   0x0000000000000000       0x57 Src/sysmem.o
 .debug_macro   0x0000000000000000       0x52 Src/sysmem.o
 .debug_macro   0x0000000000000000       0x1f Src/sysmem.o
 .debug_macro   0x0000000000000000       0x43 Src/sysmem.o
 .debug_macro   0x0000000000000000       0x20 Src/sysmem.o
 .debug_macro   0x0000000000000000      0x1a3 Src/sysmem.o
 .debug_macro   0x0000000000000000      0x23b Src/sysmem.o
 .debug_macro   0x0000000000000000       0xef Src/sysmem.o
 .debug_macro   0x0000000000000000       0x6a Src/sysmem.o
 .debug_macro   0x0000000000000000      0x1df Src/sysmem.o
 .debug_line    0x0000000000000000      0x4ea Src/sysmem.o
 .debug_str     0x0000000000000000     0x5f35 Src/sysmem.o
 .comment       0x0000000000000000       0x7c Src/sysmem.o
 .debug_frame   0x0000000000000000       0x34 Src/sysmem.o
 .ARM.attributes
                0x0000000000000000       0x33 Src/sysmem.o
 .text          0x0000000000000000       0x14 Startup/startup_stm32f103c6tx.o
 .data          0x0000000000000000        0x0 Startup/startup_stm32f103c6tx.o
 .bss           0x0000000000000000        0x0 Startup/startup_stm32f103c6tx.o
 .text          0x0000000000000000        0x0 c:/users/dell/stm32cubeide_1.4.0/stm32cubeide/plugins/com.st.stm32cube.ide.mcu.externaltools.gnu-tools-for-stm32.7-2018-q2-update.win32_1.4.0.202007081208/tools/bin/../lib/gcc/arm-none-eabi/7.3.1/../../../../arm-none-eabi/lib/thumb/v7-m\libc_nano.a(lib_a-errno.o)
 .data          0x0000000000000000        0x0 c:/users/dell/stm32cubeide_1.4.0/stm32cubeide/plugins/com.st.stm32cube.ide.mcu.externaltools.gnu-tools-for-stm32.7-2018-q2-update.win32_1.4.0.202007081208/tools/bin/../lib/gcc/arm-none-eabi/7.3.1/../../../../arm-none-eabi/lib/thumb/v7-m\libc_nano.a(lib_a-errno.o)
 .bss           0x0000000000000000        0x0 c:/users/dell/stm32cubeide_1.4.0/stm32cubeide/plugins/com.st.stm32cube.ide.mcu.externaltools.gnu-tools-for-stm32.7-2018-q2-update.win32_1.4.0.202007081208/tools/bin/../lib/gcc/arm-none-eabi/7.3.1/../../../../arm-none-eabi/lib/thumb/v7-m\libc_nano.a(lib_a-errno.o)
 .text.__errno  0x0000000000000000        0xc c:/users/dell/stm32cubeide_1.4.0/stm32cubeide/plugins/com.st.stm32cube.ide.mcu.externaltools.gnu-tools-for-stm32.7-2018-q2-update.win32_1.4.0.202007081208/tools/bin/../lib/gcc/arm-none-eabi/7.3.1/../../../../arm-none-eabi/lib/thumb/v7-m\libc_nano.a(lib_a-errno.o)
 .debug_frame   0x0000000000000000       0x20 c:/users/dell/stm32cubeide_1.4.0/stm32cubeide/plugins/com.st.stm32cube.ide.mcu.externaltools.gnu-tools-for-stm32.7-2018-q2-update.win32_1.4.0.202007081208/tools/bin/../lib/gcc/arm-none-eabi/7.3.1/../../../../arm-none-eabi/lib/thumb/v7-m\libc_nano.a(lib_a-errno.o)
 .ARM.attributes
                0x0000000000000000       0x2d c:/users/dell/stm32cubeide_1.4.0/stm32cubeide/plugins/com.st.stm32cube.ide.mcu.externaltools.gnu-tools-for-stm32.7-2018-q2-update.win32_1.4.0.202007081208/tools/bin/../lib/gcc/arm-none-eabi/7.3.1/../../../../arm-none-eabi/lib/thumb/v7-m\libc_nano.a(lib_a-errno.o)
 .text          0x0000000000000000        0x0 c:/users/dell/stm32cubeide_1.4.0/stm32cubeide/plugins/com.st.stm32cube.ide.mcu.externaltools.gnu-tools-for-stm32.7-2018-q2-update.win32_1.4.0.202007081208/tools/bin/../lib/gcc/arm-none-eabi/7.3.1/../../../../arm-none-eabi/lib/thumb/v7-m\libc_nano.a(lib_a-exit.o)
 .data          0x0000000000000000        0x0 c:/users/dell/stm32cubeide_1.4.0/stm32cubeide/plugins/com.st.stm32cube.ide.mcu.externaltools.gnu-tools-for-stm32.7-2018-q2-update.win32_1.4.0.202007081208/tools/bin/../lib/gcc/arm-none-eabi/7.3.1/../../../../arm-none-eabi/lib/thumb/v7-m\libc_nano.a(lib_a-exit.o)
 .bss           0x0000000000000000        0x0 c:/users/dell/stm32cubeide_1.4.0/stm32cubeide/plugins/com.st.stm32cube.ide.mcu.externaltools.gnu-tools-for-stm32.7-2018-q2-update.win32_1.4.0.202007081208/tools/bin/../lib/gcc/arm-none-eabi/7.3.1/../../../../arm-none-eabi/lib/thumb/v7-m\libc_nano.a(lib_a-exit.o)
 .text.exit     0x0000000000000000       0x28 c:/users/dell/stm32cubeide_1.4.0/stm32cubeide/plugins/com.st.stm32cube.ide.mcu.externaltools.gnu-tools-for-stm32.7-2018-q2-update.win32_1.4.0.202007081208/tools/bin/../lib/gcc/arm-none-eabi/7.3.1/../../../../arm-none-eabi/lib/thumb/v7-m\libc_nano.a(lib_a-exit.o)
 .debug_frame   0x0000000000000000       0x28 c:/users/dell/stm32cubeide_1.4.0/stm32cubeide/plugins/com.st.stm32cube.ide.mcu.externaltools.gnu-tools-for-stm32.7-2018-q2-update.win32_1.4.0.202007081208/tools/bin/../lib/gcc/arm-none-eabi/7.3.1/../../../../arm-none-eabi/lib/thumb/v7-m\libc_nano.a(lib_a-exit.o)
 .ARM.attributes
                0x0000000000000000       0x2d c:/users/dell/stm32cubeide_1.4.0/stm32cubeide/plugins/com.st.stm32cube.ide.mcu.externaltools.gnu-tools-for-stm32.7-2018-q2-update.win32_1.4.0.202007081208/tools/bin/../lib/gcc/arm-none-eabi/7.3.1/../../../../arm-none-eabi/lib/thumb/v7-m\libc_nano.a(lib_a-exit.o)
 .text          0x0000000000000000        0x0 c:/users/dell/stm32cubeide_1.4.0/stm32cubeide/plugins/com.st.stm32cube.ide.mcu.externaltools.gnu-tools-for-stm32.7-2018-q2-update.win32_1.4.0.202007081208/tools/bin/../lib/gcc/arm-none-eabi/7.3.1/../../../../arm-none-eabi/lib/thumb/v7-m\libc_nano.a(lib_a-impure.o)
 .data          0x0000000000000000        0x0 c:/users/dell/stm32cubeide_1.4.0/stm32cubeide/plugins/com.st.stm32cube.ide.mcu.externaltools.gnu-tools-for-stm32.7-2018-q2-update.win32_1.4.0.202007081208/tools/bin/../lib/gcc/arm-none-eabi/7.3.1/../../../../arm-none-eabi/lib/thumb/v7-m\libc_nano.a(lib_a-impure.o)
 .bss           0x0000000000000000        0x0 c:/users/dell/stm32cubeide_1.4.0/stm32cubeide/plugins/com.st.stm32cube.ide.mcu.externaltools.gnu-tools-for-stm32.7-2018-q2-update.win32_1.4.0.202007081208/tools/bin/../lib/gcc/arm-none-eabi/7.3.1/../../../../arm-none-eabi/lib/thumb/v7-m\libc_nano.a(lib_a-impure.o)
 .data._impure_ptr
                0x0000000000000000        0x4 c:/users/dell/stm32cubeide_1.4.0/stm32cubeide/plugins/com.st.stm32cube.ide.mcu.externaltools.gnu-tools-for-stm32.7-2018-q2-update.win32_1.4.0.202007081208/tools/bin/../lib/gcc/arm-none-eabi/7.3.1/../../../../arm-none-eabi/lib/thumb/v7-m\libc_nano.a(lib_a-impure.o)
 .data.impure_data
                0x0000000000000000       0x60 c:/users/dell/stm32cubeide_1.4.0/stm32cubeide/plugins/com.st.stm32cube.ide.mcu.externaltools.gnu-tools-for-stm32.7-2018-q2-update.win32_1.4.0.202007081208/tools/bin/../lib/gcc/arm-none-eabi/7.3.1/../../../../arm-none-eabi/lib/thumb/v7-m\libc_nano.a(lib_a-impure.o)
 .rodata._global_impure_ptr
                0x0000000000000000        0x4 c:/users/dell/stm32cubeide_1.4.0/stm32cubeide/plugins/com.st.stm32cube.ide.mcu.externaltools.gnu-tools-for-stm32.7-2018-q2-update.win32_1.4.0.202007081208/tools/bin/../lib/gcc/arm-none-eabi/7.3.1/../../../../arm-none-eabi/lib/thumb/v7-m\libc_nano.a(lib_a-impure.o)
 .ARM.attributes
                0x0000000000000000       0x2d c:/users/dell/stm32cubeide_1.4.0/stm32cubeide/plugins/com.st.stm32cube.ide.mcu.externaltools.gnu-tools-for-stm32.7-2018-q2-update.win32_1.4.0.202007081208/tools/bin/../lib/gcc/arm-none-eabi/7.3.1/../../../../arm-none-eabi/lib/thumb/v7-m\libc_nano.a(lib_a-impure.o)
 .text          0x0000000000000000        0x0 c:/users/dell/stm32cubeide_1.4.0/stm32cubeide/plugins/com.st.stm32cube.ide.mcu.externaltools.gnu-tools-for-stm32.7-2018-q2-update.win32_1.4.0.202007081208/tools/bin/../lib/gcc/arm-none-eabi/7.3.1/../../../../arm-none-eabi/lib/thumb/v7-m\libc_nano.a(lib_a-init.o)
 .data          0x0000000000000000        0x0 c:/users/dell/stm32cubeide_1.4.0/stm32cubeide/plugins/com.st.stm32cube.ide.mcu.externaltools.gnu-tools-for-stm32.7-2018-q2-update.win32_1.4.0.202007081208/tools/bin/../lib/gcc/arm-none-eabi/7.3.1/../../../../arm-none-eabi/lib/thumb/v7-m\libc_nano.a(lib_a-init.o)
 .bss           0x0000000000000000        0x0 c:/users/dell/stm32cubeide_1.4.0/stm32cubeide/plugins/com.st.stm32cube.ide.mcu.externaltools.gnu-tools-for-stm32.7-2018-q2-update.win32_1.4.0.202007081208/tools/bin/../lib/gcc/arm-none-eabi/7.3.1/../../../../arm-none-eabi/lib/thumb/v7-m\libc_nano.a(lib_a-init.o)
 .text          0x0000000000000000        0x0 c:/users/dell/stm32cubeide_1.4.0/stm32cubeide/plugins/com.st.stm32cube.ide.mcu.externaltools.gnu-tools-for-stm32.7-2018-q2-update.win32_1.4.0.202007081208/tools/bin/../lib/gcc/arm-none-eabi/7.3.1/../../../../arm-none-eabi/lib/thumb/v7-m\libc_nano.a(lib_a-memset.o)
 .data          0x0000000000000000        0x0 c:/users/dell/stm32cubeide_1.4.0/stm32cubeide/plugins/com.st.stm32cube.ide.mcu.externaltools.gnu-tools-for-stm32.7-2018-q2-update.win32_1.4.0.202007081208/tools/bin/../lib/gcc/arm-none-eabi/7.3.1/../../../../arm-none-eabi/lib/thumb/v7-m\libc_nano.a(lib_a-memset.o)
 .bss           0x0000000000000000        0x0 c:/users/dell/stm32cubeide_1.4.0/stm32cubeide/plugins/com.st.stm32cube.ide.mcu.externaltools.gnu-tools-for-stm32.7-2018-q2-update.win32_1.4.0.202007081208/tools/bin/../lib/gcc/arm-none-eabi/7.3.1/../../../../arm-none-eabi/lib/thumb/v7-m\libc_nano.a(lib_a-memset.o)
 .text.memset   0x0000000000000000       0x10 c:/users/dell/stm32cubeide_1.4.0/stm32cubeide/plugins/com.st.stm32cube.ide.mcu.externaltools.gnu-tools-for-stm32.7-2018-q2-update.win32_1.4.0.202007081208/tools/bin/../lib/gcc/arm-none-eabi/7.3.1/../../../../arm-none-eabi/lib/thumb/v7-m\libc_nano.a(lib_a-memset.o)
 .debug_frame   0x0000000000000000       0x20 c:/users/dell/stm32cubeide_1.4.0/stm32cubeide/plugins/com.st.stm32cube.ide.mcu.externaltools.gnu-tools-for-stm32.7-2018-q2-update.win32_1.4.0.202007081208/tools/bin/../lib/gcc/arm-none-eabi/7.3.1/../../../../arm-none-eabi/lib/thumb/v7-m\libc_nano.a(lib_a-memset.o)
 .ARM.attributes
                0x0000000000000000       0x2d c:/users/dell/stm32cubeide_1.4.0/stm32cubeide/plugins/com.st.stm32cube.ide.mcu.externaltools.gnu-tools-for-stm32.7-2018-q2-update.win32_1.4.0.202007081208/tools/bin/../lib/gcc/arm-none-eabi/7.3.1/../../../../arm-none-eabi/lib/thumb/v7-m\libc_nano.a(lib_a-memset.o)
 .text          0x0000000000000000        0x0 c:/users/dell/stm32cubeide_1.4.0/stm32cubeide/plugins/com.st.stm32cube.ide.mcu.externaltools.gnu-tools-for-stm32.7-2018-q2-update.win32_1.4.0.202007081208/tools/bin/../lib/gcc/arm-none-eabi/7.3.1/thumb/v7-m/crtend.o
 .data          0x0000000000000000        0x0 c:/users/dell/stm32cubeide_1.4.0/stm32cubeide/plugins/com.st.stm32cube.ide.mcu.externaltools.gnu-tools-for-stm32.7-2018-q2-update.win32_1.4.0.202007081208/tools/bin/../lib/gcc/arm-none-eabi/7.3.1/thumb/v7-m/crtend.o
 .bss           0x0000000000000000        0x0 c:/users/dell/stm32cubeide_1.4.0/stm32cubeide/plugins/com.st.stm32cube.ide.mcu.externaltools.gnu-tools-for-stm32.7-2018-q2-update.win32_1.4.0.202007081208/tools/bin/../lib/gcc/arm-none-eabi/7.3.1/thumb/v7-m/crtend.o
 .eh_frame      0x0000000000000000        0x4 c:/users/dell/stm32cubeide_1.4.0/stm32cubeide/plugins/com.st.stm32cube.ide.mcu.externaltools.gnu-tools-for-stm32.7-2018-q2-update.win32_1.4.0.202007081208/tools/bin/../lib/gcc/arm-none-eabi/7.3.1/thumb/v7-m/crtend.o
 .ARM.attributes
                0x0000000000000000       0x2d c:/users/dell/stm32cubeide_1.4.0/stm32cubeide/plugins/com.st.stm32cube.ide.mcu.externaltools.gnu-tools-for-stm32.7-2018-q2-update.win32_1.4.0.202007081208/tools/bin/../lib/gcc/arm-none-eabi/7.3.1/thumb/v7-m/crtend.o
 .text          0x0000000000000000        0x0 c:/users/dell/stm32cubeide_1.4.0/stm32cubeide/plugins/com.st.stm32cube.ide.mcu.externaltools.gnu-tools-for-stm32.7-2018-q2-update.win32_1.4.0.202007081208/tools/bin/../lib/gcc/arm-none-eabi/7.3.1/thumb/v7-m/crtn.o
 .data          0x0000000000000000        0x0 c:/users/dell/stm32cubeide_1.4.0/stm32cubeide/plugins/com.st.stm32cube.ide.mcu.externaltools.gnu-tools-for-stm32.7-2018-q2-update.win32_1.4.0.202007081208/tools/bin/../lib/gcc/arm-none-eabi/7.3.1/thumb/v7-m/crtn.o
 .bss           0x0000000000000000        0x0 c:/users/dell/stm32cubeide_1.4.0/stm32cubeide/plugins/com.st.stm32cube.ide.mcu.externaltools.gnu-tools-for-stm32.7-2018-q2-update.win32_1.4.0.202007081208/tools/bin/../lib/gcc/arm-none-eabi/7.3.1/thumb/v7-m/crtn.o

Memory Configuration

Name             Origin             Length             Attributes
RAM              0x0000000020000000 0x0000000000002800 xrw
ROM              0x0000000008000000 0x0000000000008000 xr
*default*        0x0000000000000000 0xffffffffffffffff

Linker script and memory map

LOAD c:/users/dell/stm32cubeide_1.4.0/stm32cubeide/plugins/com.st.stm32cube.ide.mcu.externaltools.gnu-tools-for-stm32.7-2018-q2-update.win32_1.4.0.202007081208/tools/bin/../lib/gcc/arm-none-eabi/7.3.1/thumb/v7-m/crti.o
LOAD c:/users/dell/stm32cubeide_1.4.0/stm32cubeide/plugins/com.st.stm32cube.ide.mcu.externaltools.gnu-tools-for-stm32.7-2018-q2-update.win32_1.4.0.202007081208/tools/bin/../lib/gcc/arm-none-eabi/7.3.1/thumb/v7-m/crtbegin.o
LOAD c:/users/dell/stm32cubeide_1.4.0/stm32cubeide/plugins/com.st.stm32cube.ide.mcu.externaltools.gnu-tools-for-stm32.7-2018-q2-update.win32_1.4.0.202007081208/tools/bin/../lib/gcc/arm-none-eabi/7.3.1/../../../../arm-none-eabi/lib/thumb/v7-m/crt0.o
LOAD STM32F103_Drivers/STM32F103C6_GPIO_Driver.o
LOAD STM32F103_Drivers/STM32F103C6_RCC_DRIVER.o
LOAD STM32F103_Drivers/STM32F103C6_SPI_DRIVER.o
LOAD STM32F103_Drivers/STM32F103C6_USART_DRIVER.o
LOAD Src/main.o
LOAD Src/syscalls.o
LOAD Src/sysmem.o
LOAD Startup/startup_stm32f103c6tx.o
START GROUP
LOAD c:/users/dell/stm32cubeide_1.4.0/stm32cubeide/plugins/com.st.stm32cube.ide.mcu.externaltools.gnu-tools-for-stm32.7-2018-q2-update.win32_1.4.0.202007081208/tools/bin/../lib/gcc/arm-none-eabi/7.3.1/../../../../arm-none-eabi/lib/thumb/v7-m\libc_nano.a
LOAD c:/users/dell/stm32cubeide_1.4.0/stm32cubeide/plugins/com.st.stm32cube.ide.mcu.externaltools.gnu-tools-for-stm32.7-2018-q2-update.win32_1.4.0.202007081208/tools/bin/../lib/gcc/arm-none-eabi/7.3.1/../../../../arm-none-eabi/lib/thumb/v7-m\libm.a
END GROUP
START GROUP
LOAD c:/users/dell/stm32cubeide_1.4.0/stm32cubeide/plugins/com.st.stm32cube.ide.mcu.externaltools.gnu-tools-for-stm32.7-2018-q2-update.win32_1.4.0.202007081208/tools/bin/../lib/gcc/arm-none-eabi/7.3.1/thumb/v7-m\libgcc.a
LOAD c:/users/dell/stm32cubeide_1.4.0/stm32cubeide/plugins/com.st.stm32cube.ide.mcu.externaltools.gnu-tools-for-stm32.7-2018-q2-update.win32_1.4.0.202007081208/tools/bin/../lib/gcc/arm-none-eabi/7.3.1/../../../../arm-none-eabi/lib/thumb/v7-m\libc_nano.a
END GROUP
START GROUP
LOAD c:/users/dell/stm32cubeide_1.4.0/stm32cubeide/plugins/com.st.stm32cube.ide.mcu.externaltools.gnu-tools-for-stm32.7-2018-q2-update.win32_1.4.0.202007081208/tools/bin/../lib/gcc/arm-none-eabi/7.3.1/thumb/v7-m\libgcc.a
LOAD c:/users/dell/stm32cubeide_1.4.0/stm32cubeide/plugins/com.st.stm32cube.ide.mcu.externaltools.gnu-tools-for-stm32.7-2018-q2-update.win32_1.4.0.202007081208/tools/bin/../lib/gcc/arm-none-eabi/7.3.1/../../../../arm-none-eabi/lib/thumb/v7-m\libc_nano.a
LOAD c:/users/dell/stm32cubeide_1.4.0/stm32cubeide/plugins/com.st.stm32cube.ide.mcu.externaltools.gnu-tools-for-stm32.7-2018-q2-update.win32_1.4.0.202007081208/tools/bin/../lib/gcc/arm-none-eabi/7.3.1/../../../../arm-none-eabi/lib/thumb/v7-m\libnosys.a
END GROUP
START GROUP
LOAD c:/users/dell/stm32cubeide_1.4.0/stm32cubeide/plugins/com.st.stm32cube.ide.mcu.externaltools.gnu-tools-for-stm32.7-2018-q2-update.win32_1.4.0.202007081208/tools/bin/../lib/gcc/arm-none-eabi/7.3.1/thumb/v7-m\libgcc.a
LOAD c:/users/dell/stm32cubeide_1.4.0/stm32cubeide/plugins/com.st.stm32cube.ide.mcu.externaltools.gnu-tools-for-stm32.7-2018-q2-update.win32_1.4.0.202007081208/tools/bin/../lib/gcc/arm-none-eabi/7.3.1/../../../../arm-none-eabi/lib/thumb/v7-m\libc_nano.a
LOAD c:/users/dell/stm32cubeide_1.4.0/stm32cubeide/plugins/com.st.stm32cube.ide.mcu.externaltools.gnu-tools-for-stm32.7-2018-q2-update.win32_1.4.0.202007081208/tools/bin/../lib/gcc/arm-none-eabi/7.3.1/../../../../arm-none-eabi/lib/thumb/v7-m\libnosys.a
END GROUP
LOAD c:/users/dell/stm32cubeide_1.4.0/stm32cubeide/plugins/com.st.stm32cube.ide.mcu.externaltools.gnu-tools-for-stm32.7-2018-q2-update.win32_1.4.0.202007081208/tools/bin/../lib/gcc/arm-none-eabi/7.3.1/thumb/v7-m/crtend.o
LOAD c:/users/dell/stm32cubeide_1.4.0/stm32cubeide/plugins/com.st.stm32cube.ide.mcu.externaltools.gnu-tools-for-stm32.7-2018-q2-update.win32_1.4.0.202007081208/tools/bin/../lib/gcc/arm-none-eabi/7.3.1/thumb/v7-m/crtn.o
                0x0000000020002800                _estack = (ORIGIN (RAM) + LENGTH (RAM))
                0x0000000000000200                _Min_Heap_Size = 0x200
                0x0000000000000400                _Min_Stack_Size = 0x400

.isr_vector     0x0000000008000000      0x130
                0x0000000008000000                . = ALIGN (0x4)
 *(.isr_vector)
 .isr_vector    0x0000000008000000      0x130 Startup/startup_stm32f103c6tx.o
                0x0000000008000000                g_pfnVectors
                0x0000000008000130                . = ALIGN (0x4)

.text           0x0000000008000130      0xb20
                0x0000000008000130                . = ALIGN (0x4)
 *(.text)
 .text          0x0000000008000130       0x40 c:/users/dell/stm32cubeide_1.4.0/stm32cubeide/plugins/com.st.stm32cube.ide.mcu.externaltools.gnu-tools-for-stm32.7-2018-q2-update.win32_1.4.0.202007081208/tools/bin/../lib/gcc/arm-none-eabi/7.3.1/thumb/v7-m/crtbegin.o
 *(.text*)
 .text.get_pin_position
                0x0000000008000170       0xc6 STM32F103_Drivers/STM32F103C6_GPIO_Driver.o
                0x0000000008000170                get_pin_position
 .text.MCAL_GPIO_init
                0x0000000008000236      0x106 STM32F103_Drivers/STM32F103C6_GPIO_Driver.o
                0x0000000008000236                MCAL_GPIO_init
 .text.MCAL_RCC_GetSYSCLK_Freq
                0x000000000800033c       0x44 STM32F103_Drivers/STM32F103C6_RCC_DRIVER.o
                0x000000000800033c                MCAL_RCC_GetSYSCLK_Freq
 .text.MCAL_RCC_GetHCLK_Freq
                0x0000000008000380       0x28 STM32F103_Drivers/STM32F103C6_RCC_DRIVER.o
                0x0000000008000380                MCAL_RCC_GetHCLK_Freq
 .text.MCAL_RCC_GetPCLK1_Freq
                0x00000000080003a8       0x28 STM32F103_Drivers/STM32F103C6_RCC_DRIVER.o
                0x00000000080003a8                MCAL_RCC_GetPCLK1_Freq
 .text.MCAL_RCC_GetPCLK2_Freq
                0x00000000080003d0       0x28 STM32F103_Drivers/STM32F103C6_RCC_DRIVER.o
                0x00000000080003d0                MCAL_RCC_GetPCLK2_Freq
 .text.MCAL_SPI_init
                0x00000000080003f8       0xf0 STM32F103_Drivers/STM32F103C6_SPI_DRIVER.o
                0x00000000080003f8                MCAL_SPI_init
 .text.MCAL_SPI_ReceiveData
                0x00000000080004e8       0x36 STM32F103_Drivers/STM32F103C6_SPI_DRIVER.o
                0x00000000080004e8                MCAL_SPI_ReceiveData
 *fill*         0x000000000800051e        0x2 
 .text.MCAL_GPIO_SPI_SetPins
                0x0000000008000520      0x1ec STM32F103_Drivers/STM32F103C6_SPI_DRIVER.o
                0x0000000008000520                MCAL_GPIO_SPI_SetPins
 .text.SPI1_IRQHandler
                0x000000000800070c       0x5c STM32F103_Drivers/STM32F103C6_SPI_DRIVER.o
                0x000000000800070c                SPI1_IRQHandler
 .text.SPI2_IRQHandler
                0x0000000008000768       0x5c STM32F103_Drivers/STM32F103C6_SPI_DRIVER.o
                0x0000000008000768                SPI2_IRQHandler
 .text.MCAL_USART_init
                0x00000000080007c4      0x150 STM32F103_Drivers/STM32F103C6_USART_DRIVER.o
                0x00000000080007c4                MCAL_USART_init
 .text.MCAL_USART_SendData
                0x0000000008000914       0x9c STM32F103_Drivers/STM32F103C6_USART_DRIVER.o
                0x0000000008000914                MCAL_USART_SendData
 .text.MCAL_GPIO_USART_SetPins
                0x00000000080009b0       0xcc STM32F103_Drivers/STM32F103C6_USART_DRIVER.o
                0x00000000080009b0                MCAL_GPIO_USART_SetPins
 .text.USART1_IRQHandler
                0x0000000008000a7c       0x14 STM32F103_Drivers/STM32F103C6_USART_DRIVER.o
                0x0000000008000a7c                USART1_IRQHandler
 .text.USART2_IRQHandler
                0x0000000008000a90       0x14 STM32F103_Drivers/STM32F103C6_USART_DRIVER.o
                0x0000000008000a90                USART2_IRQHandler
 .text.USART3_IRQHandler
                0x0000000008000aa4       0x14 STM32F103_Drivers/STM32F103C6_USART_DRIVER.o
                0x0000000008000aa4                USART3_IRQHandler
 .text.clock_init
                0x0000000008000ab8       0x34 Src/main.o
                0x0000000008000ab8                clock_init
 .text.main     0x0000000008000aec       0xb0 Src/main.o
                0x0000000008000aec                main
 .text.Reset_Handler
                0x0000000008000b9c       0x50 Startup/startup_stm32f103c6tx.o
                0x0000000008000b9c                Reset_Handler
 .text.Default_Handler
                0x0000000008000bec        0x2 Startup/startup_stm32f103c6tx.o
                0x0000000008000bec                EXTI2_IRQHandler
                0x0000000008000bec                TIM8_TRG_COM_IRQHandler
                0x0000000008000bec                TIM8_CC_IRQHandler
                0x0000000008000bec                DebugMon_Handler
                0x0000000008000bec                TIM1_CC_IRQHandler
                0x0000000008000bec                HardFault_Handler
                0x0000000008000bec                TIM6_IRQHandler
                0x0000000008000bec                SysTick_Handler
                0x0000000008000bec                PVD_IRQHandler
                0x0000000008000bec                SDIO_IRQHandler
                0x0000000008000bec                PendSV_Handler
                0x0000000008000bec                NMI_Handler
                0x0000000008000bec                EXTI3_IRQHandler
                0x0000000008000bec                USB_HP_CAN_TX_IRQHandler
                0x0000000008000bec                EXTI0_IRQHandler
                0x0000000008000bec                I2C2_EV_IRQHandler
                0x0000000008000bec                UsageFault_Handler
                0x0000000008000bec                ADC1_2_IRQHandler
                0x0000000008000bec                CAN_SCE_IRQHandler
                0x0000000008000bec                TAMPER_IRQHandler
                0x0000000008000bec                TIM8_UP_IRQHandler
                0x0000000008000bec                DMA2_Channel2_IRQHandler
                0x0000000008000bec                DMA1_Channel4_IRQHandler
                0x0000000008000bec                RTC_IRQHandler
                0x0000000008000bec                DMA1_Channel7_IRQHandler
                0x0000000008000bec                UART5_IRQHandler
                0x0000000008000bec                ADC3_IRQHandler
                0x0000000008000bec                TIM4_IRQHandler
                0x0000000008000bec                CAN_RX1_IRQHandler
                0x0000000008000bec                DMA2_Channel1_IRQHandler
                0x0000000008000bec                I2C1_EV_IRQHandler
                0x0000000008000bec                DMA1_Channel6_IRQHandler
                0x0000000008000bec                UART4_IRQHandler
                0x0000000008000bec                TIM3_IRQHandler
                0x0000000008000bec                RCC_IRQHandler
                0x0000000008000bec                TIM1_TRG_COM_IRQHandler
                0x0000000008000bec                DMA1_Channel1_IRQHandler
                0x0000000008000bec                Default_Handler
                0x0000000008000bec                EXTI15_10_IRQHandler
                0x0000000008000bec                TIM7_IRQHandler
                0x0000000008000bec                TIM5_IRQHandler
                0x0000000008000bec                EXTI9_5_IRQHandler
                0x0000000008000bec                USB_LP_CAN_RX0_IRQHandler
                0x0000000008000bec                MemManage_Handler
                0x0000000008000bec                SVC_Handler
                0x0000000008000bec                DMA1_Channel5_IRQHandler
                0x0000000008000bec                EXTI4_IRQHandler
                0x0000000008000bec                DMA1_Channel3_IRQHandler
                0x0000000008000bec                FSMC_IRQHandler
                0x0000000008000bec                TIM1_UP_IRQHandler
                0x0000000008000bec                WWDG_IRQHandler
                0x0000000008000bec                TIM2_IRQHandler
                0x0000000008000bec                TIM1_BRK_IRQHandler
                0x0000000008000bec                EXTI1_IRQHandler
                0x0000000008000bec                RTCAlarm_IRQHandler
                0x0000000008000bec                DMA2_Channel4_5_IRQHandler
                0x0000000008000bec                I2C2_ER_IRQHandler
                0x0000000008000bec                DMA1_Channel2_IRQHandler
                0x0000000008000bec                TIM8_BRK_IRQHandler
                0x0000000008000bec                FLASH_IRQHandler
                0x0000000008000bec                BusFault_Handler
                0x0000000008000bec                SPI3_IRQHandler
                0x0000000008000bec                I2C1_ER_IRQHandler
                0x0000000008000bec                DMA2_Channel3_IRQHandler
 *fill*         0x0000000008000bee        0x2 
 .text.__libc_init_array
                0x0000000008000bf0       0x48 c:/users/dell/stm32cubeide_1.4.0/stm32cubeide/plugins/com.st.stm32cube.ide.mcu.externaltools.gnu-tools-for-stm32.7-2018-q2-update.win32_1.4.0.202007081208/tools/bin/../lib/gcc/arm-none-eabi/7.3.1/../../../../arm-none-eabi/lib/thumb/v7-m\libc_nano.a(lib_a-init.o)
                0x0000000008000bf0                __libc_init_array
 *(.glue_7)
 .glue_7        0x0000000008000c38        0x0 linker stubs
 *(.glue_7t)
 .glue_7t       0x0000000008000c38        0x0 linker stubs
 *(.eh_frame)
 .eh_frame      0x0000000008000c38        0x0 c:/users/dell/stm32cubeide_1.4.0/stm32cubeide/plugins/com.st.stm32cube.ide.mcu.externaltools.gnu-tools-for-stm32.7-2018-q2-update.win32_1.4.0.202007081208/tools/bin/../lib/gcc/arm-none-eabi/7.3.1/thumb/v7-m/crtbegin.o
 *(.init)
 .init          0x0000000008000c38        0x4 c:/users/dell/stm32cubeide_1.4.0/stm32cubeide/plugins/com.st.stm32cube.ide.mcu.externaltools.gnu-tools-for-stm32.7-2018-q2-update.win32_1.4.0.202007081208/tools/bin/../lib/gcc/arm-none-eabi/7.3.1/thumb/v7-m/crti.o
                0x0000000008000c38                _init
 .init          0x0000000008000c3c        0x8 c:/users/dell/stm32cubeide_1.4.0/stm32cubeide/plugins/com.st.stm32cube.ide.mcu.externaltools.gnu-tools-for-stm32.7-2018-q2-update.win32_1.4.0.202007081208/tools/bin/../lib/gcc/arm-none-eabi/7.3.1/thumb/v7-m/crtn.o
 *(.fini)
 .fini          0x0000000008000c44        0x4 c:/users/dell/stm32cubeide_1.4.0/stm32cubeide/plugins/com.st.stm32cube.ide.mcu.externaltools.gnu-tools-for-stm32.7-2018-q2-update.win32_1.4.0.202007081208/tools/bin/../lib/gcc/arm-none-eabi/7.3.1/thumb/v7-m/crti.o
                0x0000000008000c44                _fini
 .fini          0x0000000008000c48        0x8 c:/users/dell/stm32cubeide_1.4.0/stm32cubeide/plugins/com.st.stm32cube.ide.mcu.externaltools.gnu-tools-for-stm32.7-2018-q2-update.win32_1.4.0.202007081208/tools/bin/../lib/gcc/arm-none-eabi/7.3.1/thumb/v7-m/crtn.o
                0x0000000008000c50                . = ALIGN (0x4)
                0x0000000008000c50                _etext = .

.vfp11_veneer   0x0000000008000c50        0x0
 .vfp11_veneer  0x0000000008000c50        0x0 linker stubs

.v4_bx          0x0000000008000c50        0x0
 .v4_bx         0x0000000008000c50        0x0 linker stubs

.iplt           0x0000000008000c50        0x0
 .iplt          0x0000000008000c50        0x0 c:/users/dell/stm32cubeide_1.4.0/stm32cubeide/plugins/com.st.stm32cube.ide.mcu.externaltools.gnu-tools-for-stm32.7-2018-q2-update.win32_1.4.0.202007081208/tools/bin/../lib/gcc/arm-none-eabi/7.3.1/thumb/v7-m/crtbegin.o

.rel.dyn        0x0000000008000c50        0x0
 .rel.iplt      0x0000000008000c50        0x0 c:/users/dell/stm32cubeide_1.4.0/stm32cubeide/plugins/com.st.stm32cube.ide.mcu.externaltools.gnu-tools-for-stm32.7-2018-q2-update.win32_1.4.0.202007081208/tools/bin/../lib/gcc/arm-none-eabi/7.3.1/thumb/v7-m/crtbegin.o

.rodata         0x0000000008000c50        0x0
                0x0000000008000c50                . = ALIGN (0x4)
 *(.rodata)
 *(.rodata*)
                0x0000000008000c50                . = ALIGN (0x4)

.ARM.extab      0x0000000008000c50        0x0
                0x0000000008000c50                . = ALIGN (0x4)
 *(.ARM.extab* .gnu.linkonce.armextab.*)
                0x0000000008000c50                . = ALIGN (0x4)

.ARM            0x0000000008000c50        0x0
                0x0000000008000c50                . = ALIGN (0x4)
                0x0000000008000c50                __exidx_start = .
 *(.ARM.exidx*)
                0x0000000008000c50                __exidx_end = .
                0x0000000008000c50                . = ALIGN (0x4)

.preinit_array  0x0000000008000c50        0x0
                0x0000000008000c50                . = ALIGN (0x4)
                0x0000000008000c50                PROVIDE (__preinit_array_start = .)
 *(.preinit_array*)
                0x0000000008000c50                PROVIDE (__preinit_array_end = .)
                0x0000000008000c50                . = ALIGN (0x4)

.init_array     0x0000000008000c50        0x4
                0x0000000008000c50                . = ALIGN (0x4)
                0x0000000008000c50                PROVIDE (__init_array_start = .)
 *(SORT_BY_NAME(.init_array.*))
 *(.init_array*)
 .init_array    0x0000000008000c50        0x4 c:/users/dell/stm32cubeide_1.4.0/stm32cubeide/plugins/com.st.stm32cube.ide.mcu.externaltools.gnu-tools-for-stm32.7-2018-q2-update.win32_1.4.0.202007081208/tools/bin/../lib/gcc/arm-none-eabi/7.3.1/thumb/v7-m/crtbegin.o
                0x0000000008000c54                PROVIDE (__init_array_end = .)
                0x0000000008000c54                . = ALIGN (0x4)

.fini_array     0x0000000008000c54        0x4
                0x0000000008000c54                . = ALIGN (0x4)
                [!provide]                        PROVIDE (__fini_array_start = .)
 *(SORT_BY_NAME(.fini_array.*))
 *(.fini_array*)
 .fini_array    0x0000000008000c54        0x4 c:/users/dell/stm32cubeide_1.4.0/stm32cubeide/plugins/com.st.stm32cube.ide.mcu.externaltools.gnu-tools-for-stm32.7-2018-q2-update.win32_1.4.0.202007081208/tools/bin/../lib/gcc/arm-none-eabi/7.3.1/thumb/v7-m/crtbegin.o
                [!provide]                        PROVIDE (__fini_array_end = .)
                0x0000000008000c58                . = ALIGN (0x4)
                0x0000000008000c58                _sidata = LOADADDR (.data)

.data           0x0000000020000000       0x18 load address 0x0000000008000c58
                0x0000000020000000                . = ALIGN (0x4)
                0x0000000020000000                _sdata = .
 *(.data)
 *(.data*)
 .data.APB_Prescaler
                0x0000000020000000        0x8 STM32F103_Drivers/STM32F103C6_RCC_DRIVER.o
                0x0000000020000000                APB_Prescaler
 .data.AHB_Prescaler
                0x0000000020000008       0x10 STM32F103_Drivers/STM32F103C6_RCC_DRIVER.o
                0x0000000020000008                AHB_Prescaler
                0x0000000020000018                . = ALIGN (0x4)
                0x0000000020000018                _edata = .

.igot.plt       0x0000000020000018        0x0 load address 0x0000000008000c70
 .igot.plt      0x0000000020000018        0x0 c:/users/dell/stm32cubeide_1.4.0/stm32cubeide/plugins/com.st.stm32cube.ide.mcu.externaltools.gnu-tools-for-stm32.7-2018-q2-update.win32_1.4.0.202007081208/tools/bin/../lib/gcc/arm-none-eabi/7.3.1/thumb/v7-m/crtbegin.o
                0x0000000020000018                . = ALIGN (0x4)

.bss            0x0000000020000018       0x34 load address 0x0000000008000c70
                0x0000000020000018                _sbss = .
                0x0000000020000018                __bss_start__ = _sbss
 *(.bss)
 .bss           0x0000000020000018       0x1c c:/users/dell/stm32cubeide_1.4.0/stm32cubeide/plugins/com.st.stm32cube.ide.mcu.externaltools.gnu-tools-for-stm32.7-2018-q2-update.win32_1.4.0.202007081208/tools/bin/../lib/gcc/arm-none-eabi/7.3.1/thumb/v7-m/crtbegin.o
 *(.bss*)
 .bss.global_SPI1
                0x0000000020000034        0x4 STM32F103_Drivers/STM32F103C6_SPI_DRIVER.o
                0x0000000020000034                global_SPI1
 .bss.global_SPI2
                0x0000000020000038        0x4 STM32F103_Drivers/STM32F103C6_SPI_DRIVER.o
                0x0000000020000038                global_SPI2
 .bss.Global_USART1_conf
                0x000000002000003c        0x4 STM32F103_Drivers/STM32F103C6_USART_DRIVER.o
                0x000000002000003c                Global_USART1_conf
 .bss.Global_USART2_conf
                0x0000000020000040        0x4 STM32F103_Drivers/STM32F103C6_USART_DRIVER.o
                0x0000000020000040                Global_USART2_conf
 .bss.Global_USART3_conf
                0x0000000020000044        0x4 STM32F103_Drivers/STM32F103C6_USART_DRIVER.o
                0x0000000020000044                Global_USART3_conf
 *(COMMON)
 COMMON         0x0000000020000048        0x2 Src/main.o
                0x0000000020000048                data
                0x000000002000004c                . = ALIGN (0x4)
 *fill*         0x000000002000004a        0x2 
                0x000000002000004c                _ebss = .
                0x000000002000004c                __bss_end__ = _ebss

._user_heap_stack
                0x000000002000004c      0x604 load address 0x0000000008000c70
                0x0000000020000050                . = ALIGN (0x8)
 *fill*         0x000000002000004c        0x4 
                [!provide]                        PROVIDE (end = .)
                0x0000000020000050                PROVIDE (_end = .)
                0x0000000020000250                . = (. + _Min_Heap_Size)
 *fill*         0x0000000020000050      0x200 
                0x0000000020000650                . = (. + _Min_Stack_Size)
 *fill*         0x0000000020000250      0x400 
                0x0000000020000650                . = ALIGN (0x8)

/DISCARD/
 libc.a(*)
 libm.a(*)
 libgcc.a(*)

.ARM.attributes
                0x0000000000000000       0x29
 *(.ARM.attributes)
 .ARM.attributes
                0x0000000000000000       0x1d c:/users/dell/stm32cubeide_1.4.0/stm32cubeide/plugins/com.st.stm32cube.ide.mcu.externaltools.gnu-tools-for-stm32.7-2018-q2-update.win32_1.4.0.202007081208/tools/bin/../lib/gcc/arm-none-eabi/7.3.1/thumb/v7-m/crti.o
 .ARM.attributes
                0x000000000000001d       0x2d c:/users/dell/stm32cubeide_1.4.0/stm32cubeide/plugins/com.st.stm32cube.ide.mcu.externaltools.gnu-tools-for-stm32.7-2018-q2-update.win32_1.4.0.202007081208/tools/bin/../lib/gcc/arm-none-eabi/7.3.1/thumb/v7-m/crtbegin.o
 .ARM.attributes
                0x000000000000004a       0x33 STM32F103_Drivers/STM32F103C6_GPIO_Driver.o
 .ARM.attributes
                0x000000000000007d       0x33 STM32F103_Drivers/STM32F103C6_RCC_DRIVER.o
 .ARM.attributes
                0x00000000000000b0       0x33 STM32F103_Drivers/STM32F103C6_SPI_DRIVER.o
 .ARM.attributes
                0x00000000000000e3       0x33 STM32F103_Drivers/STM32F103C6_USART_DRIVER.o
 .ARM.attributes
                0x0000000000000116       0x33 Src/main.o
 .ARM.attributes
                0x0000000000000149       0x21 Startup/startup_stm32f103c6tx.o
 .ARM.attributes
                0x000000000000016a       0x2d c:/users/dell/stm32cubeide_1.4.0/stm32cubeide/plugins/com.st.stm32cube.ide.mcu.externaltools.gnu-tools-for-stm32.7-2018-q2-update.win32_1.4.0.202007081208/tools/bin/../lib/gcc/arm-none-eabi/7.3.1/../../../../arm-none-eabi/lib/thumb/v7-m\libc_nano.a(lib_a-init.o)
 .ARM.attributes
                0x0000000000000197       0x1d c:/users/dell/stm32cubeide_1.4.0/stm32cubeide/plugins/com.st.stm32cube.ide.mcu.externaltools.gnu-tools-for-stm32.7-2018-q2-update.win32_1.4.0.202007081208/tools/bin/../lib/gcc/arm-none-eabi/7.3.1/thumb/v7-m/crtn.o
OUTPUT(SPI_application.elf elf32-littlearm)

.debug_info     0x0000000000000000     0x3cca
 .debug_info    0x0000000000000000      0xc32 STM32F103_Drivers/STM32F103C6_GPIO_Driver.o
 .debug_info    0x0000000000000c32      0x9fe STM32F103_Drivers/STM32F103C6_RCC_DRIVER.o
 .debug_info    0x0000000000001630      0xd42 STM32F103_Drivers/STM32F103C6_SPI_DRIVER.o
 .debug_info    0x0000000000002372      0xd02 STM32F103_Drivers/STM32F103C6_USART_DRIVER.o
 .debug_info    0x0000000000003074      0xc34 Src/main.o
 .debug_info    0x0000000000003ca8       0x22 Startup/startup_stm32f103c6tx.o

.debug_abbrev   0x0000000000000000      0xa61
 .debug_abbrev  0x0000000000000000      0x24e STM32F103_Drivers/STM32F103C6_GPIO_Driver.o
 .debug_abbrev  0x000000000000024e      0x1a4 STM32F103_Drivers/STM32F103C6_RCC_DRIVER.o
 .debug_abbrev  0x00000000000003f2      0x236 STM32F103_Drivers/STM32F103C6_SPI_DRIVER.o
 .debug_abbrev  0x0000000000000628      0x23f STM32F103_Drivers/STM32F103C6_USART_DRIVER.o
 .debug_abbrev  0x0000000000000867      0x1e8 Src/main.o
 .debug_abbrev  0x0000000000000a4f       0x12 Startup/startup_stm32f103c6tx.o

.debug_aranges  0x0000000000000000      0x198
 .debug_aranges
                0x0000000000000000       0x60 STM32F103_Drivers/STM32F103C6_GPIO_Driver.o
 .debug_aranges
                0x0000000000000060       0x38 STM32F103_Drivers/STM32F103C6_RCC_DRIVER.o
 .debug_aranges
                0x0000000000000098       0x50 STM32F103_Drivers/STM32F103C6_SPI_DRIVER.o
 .debug_aranges
                0x00000000000000e8       0x60 STM32F103_Drivers/STM32F103C6_USART_DRIVER.o
 .debug_aranges
                0x0000000000000148       0x28 Src/main.o
 .debug_aranges
                0x0000000000000170       0x28 Startup/startup_stm32f103c6tx.o

.debug_ranges   0x0000000000000000      0x140
 .debug_ranges  0x0000000000000000       0x50 STM32F103_Drivers/STM32F103C6_GPIO_Driver.o
 .debug_ranges  0x0000000000000050       0x28 STM32F103_Drivers/STM32F103C6_RCC_DRIVER.o
 .debug_ranges  0x0000000000000078       0x40 STM32F103_Drivers/STM32F103C6_SPI_DRIVER.o
 .debug_ranges  0x00000000000000b8       0x50 STM32F103_Drivers/STM32F103C6_USART_DRIVER.o
 .debug_ranges  0x0000000000000108       0x18 Src/main.o
 .debug_ranges  0x0000000000000120       0x20 Startup/startup_stm32f103c6tx.o

.debug_macro    0x0000000000000000     0x2ac7
 .debug_macro   0x0000000000000000      0x20a STM32F103_Drivers/STM32F103C6_GPIO_Driver.o
 .debug_macro   0x000000000000020a      0xa60 STM32F103_Drivers/STM32F103C6_GPIO_Driver.o
 .debug_macro   0x0000000000000c6a       0x22 STM32F103_Drivers/STM32F103C6_GPIO_Driver.o
 .debug_macro   0x0000000000000c8c       0x40 STM32F103_Drivers/STM32F103C6_GPIO_Driver.o
 .debug_macro   0x0000000000000ccc       0x18 STM32F103_Drivers/STM32F103C6_GPIO_Driver.o
 .debug_macro   0x0000000000000ce4       0x94 STM32F103_Drivers/STM32F103C6_GPIO_Driver.o
 .debug_macro   0x0000000000000d78       0x3c STM32F103_Drivers/STM32F103C6_GPIO_Driver.o
 .debug_macro   0x0000000000000db4       0x34 STM32F103_Drivers/STM32F103C6_GPIO_Driver.o
 .debug_macro   0x0000000000000de8       0x16 STM32F103_Drivers/STM32F103C6_GPIO_Driver.o
 .debug_macro   0x0000000000000dfe       0x57 STM32F103_Drivers/STM32F103C6_GPIO_Driver.o
 .debug_macro   0x0000000000000e55       0x97 STM32F103_Drivers/STM32F103C6_GPIO_Driver.o
 .debug_macro   0x0000000000000eec      0x330 STM32F103_Drivers/STM32F103C6_GPIO_Driver.o
 .debug_macro   0x000000000000121c       0xfd STM32F103_Drivers/STM32F103C6_GPIO_Driver.o
 .debug_macro   0x0000000000001319       0x10 STM32F103_Drivers/STM32F103C6_GPIO_Driver.o
 .debug_macro   0x0000000000001329       0x52 STM32F103_Drivers/STM32F103C6_GPIO_Driver.o
 .debug_macro   0x000000000000137b       0x1f STM32F103_Drivers/STM32F103C6_GPIO_Driver.o
 .debug_macro   0x000000000000139a       0x43 STM32F103_Drivers/STM32F103C6_GPIO_Driver.o
 .debug_macro   0x00000000000013dd       0x20 STM32F103_Drivers/STM32F103C6_GPIO_Driver.o
 .debug_macro   0x00000000000013fd      0x1a3 STM32F103_Drivers/STM32F103C6_GPIO_Driver.o
 .debug_macro   0x00000000000015a0       0x10 STM32F103_Drivers/STM32F103C6_GPIO_Driver.o
 .debug_macro   0x00000000000015b0       0x6a STM32F103_Drivers/STM32F103C6_GPIO_Driver.o
 .debug_macro   0x000000000000161a       0x1c STM32F103_Drivers/STM32F103C6_GPIO_Driver.o
 .debug_macro   0x0000000000001636       0x52 STM32F103_Drivers/STM32F103C6_GPIO_Driver.o
 .debug_macro   0x0000000000001688       0x40 STM32F103_Drivers/STM32F103C6_GPIO_Driver.o
 .debug_macro   0x00000000000016c8       0x10 STM32F103_Drivers/STM32F103C6_GPIO_Driver.o
 .debug_macro   0x00000000000016d8       0x40 STM32F103_Drivers/STM32F103C6_GPIO_Driver.o
 .debug_macro   0x0000000000001718       0xd7 STM32F103_Drivers/STM32F103C6_GPIO_Driver.o
 .debug_macro   0x00000000000017ef       0x1c STM32F103_Drivers/STM32F103C6_GPIO_Driver.o
 .debug_macro   0x000000000000180b       0x3d STM32F103_Drivers/STM32F103C6_GPIO_Driver.o
 .debug_macro   0x0000000000001848       0x16 STM32F103_Drivers/STM32F103C6_GPIO_Driver.o
 .debug_macro   0x000000000000185e      0x145 STM32F103_Drivers/STM32F103C6_GPIO_Driver.o
 .debug_macro   0x00000000000019a3       0xef STM32F103_Drivers/STM32F103C6_GPIO_Driver.o
 .debug_macro   0x0000000000001a92      0x1df STM32F103_Drivers/STM32F103C6_GPIO_Driver.o
 .debug_macro   0x0000000000001c71       0x16 STM32F103_Drivers/STM32F103C6_GPIO_Driver.o
 .debug_macro   0x0000000000001c87       0x35 STM32F103_Drivers/STM32F103C6_GPIO_Driver.o
 .debug_macro   0x0000000000001cbc       0x16 STM32F103_Drivers/STM32F103C6_GPIO_Driver.o
 .debug_macro   0x0000000000001cd2       0x29 STM32F103_Drivers/STM32F103C6_GPIO_Driver.o
 .debug_macro   0x0000000000001cfb      0x1ce STM32F103_Drivers/STM32F103C6_GPIO_Driver.o
 .debug_macro   0x0000000000001ec9       0xca STM32F103_Drivers/STM32F103C6_GPIO_Driver.o
 .debug_macro   0x0000000000001f93      0x20a STM32F103_Drivers/STM32F103C6_RCC_DRIVER.o
 .debug_macro   0x000000000000219d       0x10 STM32F103_Drivers/STM32F103C6_RCC_DRIVER.o
 .debug_macro   0x00000000000021ad      0x22b STM32F103_Drivers/STM32F103C6_SPI_DRIVER.o
 .debug_macro   0x00000000000023d8       0x16 STM32F103_Drivers/STM32F103C6_SPI_DRIVER.o
 .debug_macro   0x00000000000023ee       0xd0 STM32F103_Drivers/STM32F103C6_SPI_DRIVER.o
 .debug_macro   0x00000000000024be       0xe8 STM32F103_Drivers/STM32F103C6_SPI_DRIVER.o
 .debug_macro   0x00000000000025a6       0xbe STM32F103_Drivers/STM32F103C6_SPI_DRIVER.o
 .debug_macro   0x0000000000002664      0x21c STM32F103_Drivers/STM32F103C6_USART_DRIVER.o
 .debug_macro   0x0000000000002880      0x247 Src/main.o

.debug_line     0x0000000000000000     0x2374
 .debug_line    0x0000000000000000      0x72d STM32F103_Drivers/STM32F103C6_GPIO_Driver.o
 .debug_line    0x000000000000072d      0x64d STM32F103_Drivers/STM32F103C6_RCC_DRIVER.o
 .debug_line    0x0000000000000d7a      0x779 STM32F103_Drivers/STM32F103C6_SPI_DRIVER.o
 .debug_line    0x00000000000014f3      0x772 STM32F103_Drivers/STM32F103C6_USART_DRIVER.o
 .debug_line    0x0000000000001c65      0x68b Src/main.o
 .debug_line    0x00000000000022f0       0x84 Startup/startup_stm32f103c6tx.o

.debug_str      0x0000000000000000     0x9ccc
 .debug_str     0x0000000000000000     0x8c59 STM32F103_Drivers/STM32F103C6_GPIO_Driver.o
                                       0x8ed4 (size before relaxing)
 .debug_str     0x0000000000008c59       0xf9 STM32F103_Drivers/STM32F103C6_RCC_DRIVER.o
                                       0x89fd (size before relaxing)
 .debug_str     0x0000000000008d52      0xd5a STM32F103_Drivers/STM32F103C6_SPI_DRIVER.o
                                       0x9b65 (size before relaxing)
 .debug_str     0x0000000000009aac      0x1bb STM32F103_Drivers/STM32F103C6_USART_DRIVER.o
                                       0x9716 (size before relaxing)
 .debug_str     0x0000000000009c67       0x34 Src/main.o
                                       0x9ac2 (size before relaxing)
 .debug_str     0x0000000000009c9b       0x31 Startup/startup_stm32f103c6tx.o
                                         0x62 (size before relaxing)

.comment        0x0000000000000000       0x7b
 .comment       0x0000000000000000       0x7b STM32F103_Drivers/STM32F103C6_GPIO_Driver.o
                                         0x7c (size before relaxing)
 .comment       0x000000000000007b       0x7c STM32F103_Drivers/STM32F103C6_RCC_DRIVER.o
 .comment       0x000000000000007b       0x7c STM32F103_Drivers/STM32F103C6_SPI_DRIVER.o
 .comment       0x000000000000007b       0x7c STM32F103_Drivers/STM32F103C6_USART_DRIVER.o
 .comment       0x000000000000007b       0x7c Src/main.o

.debug_frame    0x0000000000000000      0x4e0
 .debug_frame   0x0000000000000000      0x178 STM32F103_Drivers/STM32F103C6_GPIO_Driver.o
 .debug_frame   0x0000000000000178       0x84 STM32F103_Drivers/STM32F103C6_RCC_DRIVER.o
 .debug_frame   0x00000000000001fc      0x11c STM32F103_Drivers/STM32F103C6_SPI_DRIVER.o
 .debug_frame   0x0000000000000318      0x14c STM32F103_Drivers/STM32F103C6_USART_DRIVER.o
 .debug_frame   0x0000000000000464       0x50 Src/main.o
 .debug_frame   0x00000000000004b4       0x2c c:/users/dell/stm32cubeide_1.4.0/stm32cubeide/plugins/com.st.stm32cube.ide.mcu.externaltools.gnu-tools-for-stm32.7-2018-q2-update.win32_1.4.0.202007081208/tools/bin/../lib/gcc/arm-none-eabi/7.3.1/../../../../arm-none-eabi/lib/thumb/v7-m\libc_nano.a(lib_a-init.o)
